Archive member included to satisfy reference by file (symbol)

../Middlewares/ST/AI/Lib\NetworkRuntime810_CM4_GCC.a(ai_platform.o)
                              ./X-CUBE-AI/App/network.o (ai_buffer_array_item_set_address)
../Middlewares/ST/AI/Lib\NetworkRuntime810_CM4_GCC.a(ai_platform_interface.o)
                              ./X-CUBE-AI/App/network.o (ai_platform_get_weights_map)
../Middlewares/ST/AI/Lib\NetworkRuntime810_CM4_GCC.a(core_common.o)
                              ../Middlewares/ST/AI/Lib\NetworkRuntime810_CM4_GCC.a(ai_platform_interface.o) (core_init)
../Middlewares/ST/AI/Lib\NetworkRuntime810_CM4_GCC.a(core_mem_manager.o)
                              ../Middlewares/ST/AI/Lib\NetworkRuntime810_CM4_GCC.a(ai_platform_interface.o) (core_mem_alloc)
../Middlewares/ST/AI/Lib\NetworkRuntime810_CM4_GCC.a(layers.o)
                              ../Middlewares/ST/AI/Lib\NetworkRuntime810_CM4_GCC.a(ai_platform_interface.o) (ai_check_custom_types)
../Middlewares/ST/AI/Lib\NetworkRuntime810_CM4_GCC.a(layers_conv2d_generic_float.o)
                              ./X-CUBE-AI/App/network.o (forward_conv2d_if32of32wf32)
../Middlewares/ST/AI/Lib\NetworkRuntime810_CM4_GCC.a(layers_conv2d_stm32_integer.o)
                              ../Middlewares/ST/AI/Lib\NetworkRuntime810_CM4_GCC.a(layers.o) (get_conv2d_scratch_size)
../Middlewares/ST/AI/Lib\NetworkRuntime810_CM4_GCC.a(layers_nl_generic_float.o)
                              ./X-CUBE-AI/App/network.o (forward_relu)
../Middlewares/ST/AI/Lib\NetworkRuntime810_CM4_GCC.a(layers_pool_generic_float.o)
                              ./X-CUBE-AI/App/network.o (forward_ap)
../Middlewares/ST/AI/Lib\NetworkRuntime810_CM4_GCC.a(forward_lite_conv2d_if32of32wf32.o)
                              ../Middlewares/ST/AI/Lib\NetworkRuntime810_CM4_GCC.a(layers_conv2d_generic_float.o) (forward_lite_conv2d_if32of32wf32)
../Middlewares/ST/AI/Lib\NetworkRuntime810_CM4_GCC.a(lite_dense_if32.o)
                              ../Middlewares/ST/AI/Lib\NetworkRuntime810_CM4_GCC.a(layers_conv2d_generic_float.o) (forward_lite_dense_if32of32wf32)
../Middlewares/ST/AI/Lib\NetworkRuntime810_CM4_GCC.a(st_convolve_reference.o)
                              ../Middlewares/ST/AI/Lib\NetworkRuntime810_CM4_GCC.a(layers_conv2d_stm32_integer.o) (align_factor)
../Middlewares/ST/AI/Lib\NetworkRuntime810_CM4_GCC.a(st_sssa8_ch_convolve.o)
                              ../Middlewares/ST/AI/Lib\NetworkRuntime810_CM4_GCC.a(layers_conv2d_stm32_integer.o) (st_sssa8_ch_convolve_rank1upd)
../Middlewares/ST/AI/Lib\NetworkRuntime810_CM4_GCC.a(st_sssa8_convolve.o)
                              ../Middlewares/ST/AI/Lib\NetworkRuntime810_CM4_GCC.a(layers_conv2d_stm32_integer.o) (st_sssa8_convolve_rank1upd)
../Middlewares/ST/AI/Lib\NetworkRuntime810_CM4_GCC.a(st_sssa8_convolve_1x1.o)
                              ../Middlewares/ST/AI/Lib\NetworkRuntime810_CM4_GCC.a(layers_conv2d_stm32_integer.o) (st_sssa8_convolve_1x1_WeightsPrefetch)
../Middlewares/ST/AI/Lib\NetworkRuntime810_CM4_GCC.a(st_sssa8_convolve_dw.o)
                              ../Middlewares/ST/AI/Lib\NetworkRuntime810_CM4_GCC.a(layers_conv2d_stm32_integer.o) (st_sssa8_conv_dw_Wadapt)
../Middlewares/ST/AI/Lib\NetworkRuntime810_CM4_GCC.a(st_sssa8_convolve_rgb.o)
                              ../Middlewares/ST/AI/Lib\NetworkRuntime810_CM4_GCC.a(layers_conv2d_stm32_integer.o) (st_sssa8_convolve_rgb)
../Middlewares/ST/AI/Lib\NetworkRuntime810_CM4_GCC.a(st_ssua8_ch_convolve.o)
                              ../Middlewares/ST/AI/Lib\NetworkRuntime810_CM4_GCC.a(layers_conv2d_stm32_integer.o) (st_ssua8_ch_convolve_rank1upd)
../Middlewares/ST/AI/Lib\NetworkRuntime810_CM4_GCC.a(st_ssua8_ch_convolve_1x1.o)
                              ../Middlewares/ST/AI/Lib\NetworkRuntime810_CM4_GCC.a(layers_conv2d_stm32_integer.o) (st_ssua8_ch_convolve_1x1)
../Middlewares/ST/AI/Lib\NetworkRuntime810_CM4_GCC.a(st_ssua8_ch_convolve_dw.o)
                              ../Middlewares/ST/AI/Lib\NetworkRuntime810_CM4_GCC.a(layers_conv2d_stm32_integer.o) (st_ssua8_ch_conv_dw_Wadapt)
../Middlewares/ST/AI/Lib\NetworkRuntime810_CM4_GCC.a(st_ssua8_ch_convolve_rgb.o)
                              ../Middlewares/ST/AI/Lib\NetworkRuntime810_CM4_GCC.a(layers_conv2d_stm32_integer.o) (st_ssua8_ch_convolve_rgb)
../Middlewares/ST/AI/Lib\NetworkRuntime810_CM4_GCC.a(st_ssua8_convolve.o)
                              ../Middlewares/ST/AI/Lib\NetworkRuntime810_CM4_GCC.a(layers_conv2d_stm32_integer.o) (st_ssua8_convolve_rank1upd)
../Middlewares/ST/AI/Lib\NetworkRuntime810_CM4_GCC.a(st_ssua8_convolve_1x1.o)
                              ../Middlewares/ST/AI/Lib\NetworkRuntime810_CM4_GCC.a(layers_conv2d_stm32_integer.o) (st_ssua8_convolve_1x1)
../Middlewares/ST/AI/Lib\NetworkRuntime810_CM4_GCC.a(st_ssua8_convolve_dw.o)
[...]
Memory Configuration

Name             Origin             Length             Attributes
RAM              0x0000000020000000 0x0000000000018000 xrw
RAM2             0x0000000010000000 0x0000000000008000 xrw
FLASH            0x0000000008000000 0x0000000000100000 xr
*default*        0x0000000000000000 0xffffffffffffffff

Linker script and memory map

LOAD C:/ST/STM32CubeIDE_1.14.1/STM32CubeIDE/plugins/com.st.stm32cube.ide.mcu.externaltools.gnu-tools-for-stm32.11.3.rel1.win32_1.1.100.202309141235/tools/bin/../lib/gcc/arm-none-eabi/11.3.1/thumb/v7e-m+fp/hard/crti.o
LOAD C:/ST/STM32CubeIDE_1.14.1/STM32CubeIDE/plugins/com.st.stm32cube.ide.mcu.externaltools.gnu-tools-for-stm32.11.3.rel1.win32_1.1.100.202309141235/tools/bin/../lib/gcc/arm-none-eabi/11.3.1/thumb/v7e-m+fp/hard/crtbegin.o
LOAD C:/ST/STM32CubeIDE_1.14.1/STM32CubeIDE/plugins/com.st.stm32cube.ide.mcu.externaltools.gnu-tools-for-stm32.11.3.rel1.win32_1.1.100.202309141235/tools/bin/../lib/gcc/arm-none-eabi/11.3.1/../../../../arm-none-eabi/lib/thumb/v7e-m+fp/hard/crt0.o
LOAD ./Core/Src/main.o
LOAD ./Core/Src/stm32l4xx_hal_msp.o
LOAD ./Core/Src/stm32l4xx_it.o
LOAD ./Core/Src/sysmem.o
LOAD ./Core/Src/system_stm32l4xx.o
LOAD ./Core/Startup/startup_stm32l475vgtx.o
LOAD ./Drivers/STM32L4xx_HAL_Driver/Src/stm32l4xx_hal.o
LOAD ./Drivers/STM32L4xx_HAL_Driver/Src/stm32l4xx_hal_cortex.o
LOAD ./Drivers/STM32L4xx_HAL_Driver/Src/stm32l4xx_hal_crc.o
LOAD ./Drivers/STM32L4xx_HAL_Driver/Src/stm32l4xx_hal_crc_ex.o
LOAD ./Drivers/STM32L4xx_HAL_Driver/Src/stm32l4xx_hal_dma.o
LOAD ./Drivers/STM32L4xx_HAL_Driver/Src/stm32l4xx_hal_dma_ex.o
LOAD ./Drivers/STM32L4xx_HAL_Driver/Src/stm32l4xx_hal_exti.o
LOAD ./Drivers/STM32L4xx_HAL_Driver/Src/stm32l4xx_hal_flash.o
LOAD ./Drivers/STM32L4xx_HAL_Driver/Src/stm32l4xx_hal_flash_ex.o
LOAD ./Drivers/STM32L4xx_HAL_Driver/Src/stm32l4xx_hal_flash_ramfunc.o
LOAD ./Drivers/STM32L4xx_HAL_Driver/Src/stm32l4xx_hal_gpio.o
LOAD ./Drivers/STM32L4xx_HAL_Driver/Src/stm32l4xx_hal_pwr.o
LOAD ./Drivers/STM32L4xx_HAL_Driver/Src/stm32l4xx_hal_pwr_ex.o
LOAD ./Drivers/STM32L4xx_HAL_Driver/Src/stm32l4xx_hal_rcc.o
LOAD ./Drivers/STM32L4xx_HAL_Driver/Src/stm32l4xx_hal_rcc_ex.o
LOAD ./Drivers/STM32L4xx_HAL_Driver/Src/stm32l4xx_hal_tim.o
LOAD ./Drivers/STM32L4xx_HAL_Driver/Src/stm32l4xx_hal_tim_ex.o
LOAD ./Drivers/STM32L4xx_HAL_Driver/Src/stm32l4xx_hal_uart.o
LOAD ./Drivers/STM32L4xx_HAL_Driver/Src/stm32l4xx_hal_uart_ex.o
LOAD ./X-CUBE-AI/App/network.o
LOAD ./X-CUBE-AI/App/network_data.o
LOAD ./X-CUBE-AI/App/network_data_params.o
LOAD ../Middlewares/ST/AI/Lib\NetworkRuntime810_CM4_GCC.a
START GROUP
LOAD C:/ST/STM32CubeIDE_1.14.1/STM32CubeIDE/plugins/com.st.stm32cube.ide.mcu.externaltools.gnu-tools-for-stm32.11.3.rel1.win32_1.1.100.202309141235/tools/bin/../lib/gcc/arm-none-eabi/11.3.1/../../../../arm-none-eabi/lib/thumb/v7e-m+fp/hard\libc_nano.a
LOAD C:/ST/STM32CubeIDE_1.14.1/STM32CubeIDE/plugins/com.st.stm32cube.ide.mcu.externaltools.gnu-tools-for-stm32.11.3.rel1.win32_1.1.100.202309141235/tools/bin/../lib/gcc/arm-none-eabi/11.3.1/../../../../arm-none-eabi/lib/thumb/v7e-m+fp/hard\libm.a
END GROUP
START GROUP
LOAD C:/ST/STM32CubeIDE_1.14.1/STM32CubeIDE/plugins/com.st.stm32cube.ide.mcu.externaltools.gnu-tools-for-stm32.11.3.rel1.win32_1.1.100.202309141235/tools/bin/../lib/gcc/arm-none-eabi/11.3.1/thumb/v7e-m+fp/hard\libgcc.a
LOAD C:/ST/STM32CubeIDE_1.14.1/STM32CubeIDE/plugins/com.st.stm32cube.ide.mcu.externaltools.gnu-tools-for-stm32.11.3.rel1.win32_1.1.100.202309141235/tools/bin/../lib/gcc/arm-none-eabi/11.3.1/../../../../arm-none-eabi/lib/thumb/v7e-m+fp/hard\libc_nano.a
END GROUP
START GROUP
LOAD C:/ST/STM32CubeIDE_1.14.1/STM32CubeIDE/plugins/com.st.stm32cube.ide.mcu.externaltools.gnu-tools-for-stm32.11.3.rel1.win32_1.1.100.202309141235/tools/bin/../lib/gcc/arm-none-eabi/11.3.1/thumb/v7e-m+fp/hard\libgcc.a
LOAD C:/ST/STM32CubeIDE_1.14.1/STM32CubeIDE/plugins/com.st.stm32cube.ide.mcu.externaltools.gnu-tools-for-stm32.11.3.rel1.win32_1.1.100.202309141235/tools/bin/../lib/gcc/arm-none-eabi/11.3.1/../../../../arm-none-eabi/lib/thumb/v7e-m+fp/hard\libc_nano.a
LOAD C:/ST/STM32CubeIDE_1.14.1/STM32CubeIDE/plugins/com.st.stm32cube.ide.mcu.externaltools.gnu-tools-for-stm32.11.3.rel1.win32_1.1.100.202309141235/tools/bin/../lib/gcc/arm-none-eabi/11.3.1/../../../../arm-none-eabi/lib/thumb/v7e-m+fp/hard\libnosys.a
END GROUP
START GROUP
LOAD C:/ST/STM32CubeIDE_1.14.1/STM32CubeIDE/plugins/com.st.stm32cube.ide.mcu.externaltools.gnu-tools-for-stm32.11.3.rel1.win32_1.1.100.202309141235/tools/bin/../lib/gcc/arm-none-eabi/11.3.1/thumb/v7e-m+fp/hard\libgcc.a
LOAD C:/ST/STM32CubeIDE_1.14.1/STM32CubeIDE/plugins/com.st.stm32cube.ide.mcu.externaltools.gnu-tools-for-stm32.11.3.rel1.win32_1.1.100.202309141235/tools/bin/../lib/gcc/arm-none-eabi/11.3.1/../../../../arm-none-eabi/lib/thumb/v7e-m+fp/hard\libc_nano.a
LOAD C:/ST/STM32CubeIDE_1.14.1/STM32CubeIDE/plugins/com.st.stm32cube.ide.mcu.externaltools.gnu-tools-for-stm32.11.3.rel1.win32_1.1.100.202309141235/tools/bin/../lib/gcc/arm-none-eabi/11.3.1/../../../../arm-none-eabi/lib/thumb/v7e-m+fp/hard\libnosys.a
END GROUP
LOAD C:/ST/STM32CubeIDE_1.14.1/STM32CubeIDE/plugins/com.st.stm32cube.ide.mcu.externaltools.gnu-tools-for-stm32.11.3.rel1.win32_1.1.100.202309141235/tools/bin/../lib/gcc/arm-none-eabi/11.3.1/thumb/v7e-m+fp/hard/crtend.o
LOAD C:/ST/STM32CubeIDE_1.14.1/STM32CubeIDE/plugins/com.st.stm32cube.ide.mcu.externaltools.gnu-tools-for-stm32.11.3.rel1.win32_1.1.100.202309141235/tools/bin/../lib/gcc/arm-none-eabi/11.3.1/thumb/v7e-m+fp/hard/crtn.o
                0x0000000020018000                _estack = (ORIGIN (RAM) + LENGTH (RAM))
                0x0000000000000800                _Min_Heap_Size = 0x800
                0x0000000000000800                _Min_Stack_Size = 0x800

.isr_vector     0x0000000008000000      0x188
                0x0000000008000000                . = ALIGN (0x4)
 *(.isr_vector)
 .isr_vector    0x0000000008000000      0x188 ./Core/Startup/startup_stm32l475vgtx.o
                0x0000000008000000                g_pfnVectors
                0x0000000008000188                . = ALIGN (0x4)

.text           0x0000000008000190     0x7ce0
                0x0000000008000190                . = ALIGN (0x4)
 *(.text)
 .text          0x0000000008000190       0x40 C:/ST/STM32CubeIDE_1.14.1/STM32CubeIDE/plugins/com.st.stm32cube.ide.mcu.externaltools.gnu-tools-for-stm32.11.3.rel1.win32_1.1.100.202309141235/tools/bin/../lib/gcc/arm-none-eabi/11.3.1/thumb/v7e-m+fp/hard/crtbegin.o
 .text          0x00000000080001d0       0xa0 C:/ST/STM32CubeIDE_1.14.1/STM32CubeIDE/plugins/com.st.stm32cube.ide.mcu.externaltools.gnu-tools-for-stm32.11.3.rel1.win32_1.1.100.202309141235/tools/bin/../lib/gcc/arm-none-eabi/11.3.1/../../../../arm-none-eabi/lib/thumb/v7e-m+fp/hard\libc_nano.a(libc_a-memchr.o)
                0x00000000080001d0                memchr
 .text          0x0000000008000270       0x30 C:/ST/STM32CubeIDE_1.14.1/STM32CubeIDE/plugins/com.st.stm32cube.ide.mcu.externaltools.gnu-tools-for-stm32.11.3.rel1.win32_1.1.100.202309141235/tools/bin/../lib/gcc/arm-none-eabi/11.3.1/thumb/v7e-m+fp/hard\libgcc.a(_aeabi_uldivmod.o)
                0x0000000008000270                __aeabi_uldivmod
 .text          0x00000000080002a0      0x2c8 C:/ST/STM32CubeIDE_1.14.1/STM32CubeIDE/plugins/com.st.stm32cube.ide.mcu.externaltools.gnu-tools-for-stm32.11.3.rel1.win32_1.1.100.202309141235/tools/bin/../lib/gcc/arm-none-eabi/11.3.1/thumb/v7e-m+fp/hard\libgcc.a(_udivmoddi4.o)
                0x00000000080002a0                __udivmoddi4
 .text          0x0000000008000568        0x4 C:/ST/STM32CubeIDE_1.14.1/STM32CubeIDE/plugins/com.st.stm32cube.ide.mcu.externaltools.gnu-tools-for-stm32.11.3.rel1.win32_1.1.100.202309141235/tools/bin/../lib/gcc/arm-none-eabi/11.3.1/thumb/v7e-m+fp/hard\libgcc.a(_dvmd_tls.o)
                0x0000000008000568                __aeabi_idiv0
                0x0000000008000568                __aeabi_ldiv0
 *(.text*)
 .text.main     0x000000000800056c       0x3c ./Core/Src/main.o
                0x000000000800056c                main
 .text.SystemClock_Config
                0x00000000080005a8       0xc4 ./Core/Src/main.o
                0x00000000080005a8                SystemClock_Config
 .text.MX_CRC_Init
                0x000000000800066c       0x44 ./Core/Src/main.o
 .text.MX_USART1_UART_Init
                0x00000000080006b0       0x60 ./Core/Src/main.o
 .text.MX_DMA_Init
                0x0000000008000710       0x3c ./Core/Src/main.o
 .text.MX_GPIO_Init
                0x000000000800074c       0x60 ./Core/Src/main.o
 .text.HAL_UART_RxHalfCpltCallback
                0x00000000080007ac       0x64 ./Core/Src/main.o
                0x00000000080007ac                HAL_UART_RxHalfCpltCallback
 .text._write   0x0000000008000810       0x2c ./Core/Src/main.o
                0x0000000008000810                _write
 .text.AI_Init  0x000000000800083c       0x78 ./Core/Src/main.o
 .text.AI_Run   0x00000000080008b4       0x70 ./Core/Src/main.o
 .text.argmax   0x0000000008000924       0x60 ./Core/Src/main.o
 .text.copyToFloat
                0x0000000008000984       0x48 ./Core/Src/main.o
 .text.Error_Handler
                0x00000000080009cc        0xa ./Core/Src/main.o
                0x00000000080009cc                Error_Handler
 *fill*         0x00000000080009d6        0x2 
 .text.HAL_MspInit
                0x00000000080009d8       0x48 ./Core/Src/stm32l4xx_hal_msp.o
                0x00000000080009d8                HAL_MspInit
 .text.HAL_CRC_MspInit
                0x0000000008000a20       0x40 ./Core/Src/stm32l4xx_hal_msp.o
                0x0000000008000a20                HAL_CRC_MspInit
 .text.HAL_UART_MspInit
                0x0000000008000a60      0x114 ./Core/Src/stm32l4xx_hal_msp.o
                0x0000000008000a60                HAL_UART_MspInit
 .text.NMI_Handler
                0x0000000008000b74        0x6 ./Core/Src/stm32l4xx_it.o
                0x0000000008000b74                NMI_Handler
 .text.HardFault_Handler
                0x0000000008000b7a        0x6 ./Core/Src/stm32l4xx_it.o
                0x0000000008000b7a                HardFault_Handler
 .text.MemManage_Handler
                0x0000000008000b80        0x6 ./Core/Src/stm32l4xx_it.o
                0x0000000008000b80                MemManage_Handler
 .text.BusFault_Handler
                0x0000000008000b86        0x6 ./Core/Src/stm32l4xx_it.o
                0x0000000008000b86                BusFault_Handler
 .text.UsageFault_Handler
                0x0000000008000b8c        0x6 ./Core/Src/stm32l4xx_it.o
                0x0000000008000b8c                UsageFault_Handler
 .text.SVC_Handler
                0x0000000008000b92        0xe ./Core/Src/stm32l4xx_it.o
                0x0000000008000b92                SVC_Handler
 .text.DebugMon_Handler
                0x0000000008000ba0        0xe ./Core/Src/stm32l4xx_it.o
                0x0000000008000ba0                DebugMon_Handler
 .text.PendSV_Handler
                0x0000000008000bae        0xe ./Core/Src/stm32l4xx_it.o
                0x0000000008000bae                PendSV_Handler
 .text.SysTick_Handler
                0x0000000008000bbc        0xc ./Core/Src/stm32l4xx_it.o
                0x0000000008000bbc                SysTick_Handler
 .text.DMA1_Channel5_IRQHandler
                0x0000000008000bc8       0x14 ./Core/Src/stm32l4xx_it.o
                0x0000000008000bc8                DMA1_Channel5_IRQHandler
 .text._sbrk    0x0000000008000bdc       0x6c ./Core/Src/sysmem.o
                0x0000000008000bdc                _sbrk
 .text.SystemInit
                0x0000000008000c48       0x24 ./Core/Src/system_stm32l4xx.o
                0x0000000008000c48                SystemInit
 .text.Reset_Handler
                0x0000000008000c6c       0x50 ./Core/Startup/startup_stm32l475vgtx.o
                0x0000000008000c6c                Reset_Handler
 .text.Default_Handler
                0x0000000008000cbc        0x2 ./Core/Startup/startup_stm32l475vgtx.o
                0x0000000008000cbc                RTC_Alarm_IRQHandler
                0x0000000008000cbc                EXTI2_IRQHandler
                0x0000000008000cbc                TIM8_TRG_COM_IRQHandler
                0x0000000008000cbc                TIM8_CC_IRQHandler
                0x0000000008000cbc                TIM1_CC_IRQHandler
                0x0000000008000cbc                TSC_IRQHandler
                0x0000000008000cbc                TAMP_STAMP_IRQHandler
                0x0000000008000cbc                EXTI3_IRQHandler
                0x0000000008000cbc                LPTIM2_IRQHandler
                0x0000000008000cbc                DFSDM1_FLT1_IRQHandler
                0x0000000008000cbc                I2C3_ER_IRQHandler
                0x0000000008000cbc                DFSDM1_FLT2_IRQHandler
                0x0000000008000cbc                EXTI0_IRQHandler
                0x0000000008000cbc                I2C2_EV_IRQHandler
                0x0000000008000cbc                CAN1_RX0_IRQHandler
                0x0000000008000cbc                FPU_IRQHandler
                0x0000000008000cbc                TIM1_UP_TIM16_IRQHandler
                0x0000000008000cbc                ADC1_2_IRQHandler
                0x0000000008000cbc                SPI1_IRQHandler
                0x0000000008000cbc                TIM6_DAC_IRQHandler
                0x0000000008000cbc                TIM8_UP_IRQHandler
                0x0000000008000cbc                DMA2_Channel2_IRQHandler
                0x0000000008000cbc                DMA1_Channel4_IRQHandler
                0x0000000008000cbc                SAI2_IRQHandler
                0x0000000008000cbc                DFSDM1_FLT3_IRQHandler
                0x0000000008000cbc                USART3_IRQHandler
                0x0000000008000cbc                DMA1_Channel7_IRQHandler
                0x0000000008000cbc                CAN1_RX1_IRQHandler
                0x0000000008000cbc                UART5_IRQHandler
                0x0000000008000cbc                ADC3_IRQHandler
                0x0000000008000cbc                TIM4_IRQHandler
                0x0000000008000cbc                DMA2_Channel1_IRQHandler
                0x0000000008000cbc                QUADSPI_IRQHandler
                0x0000000008000cbc                I2C1_EV_IRQHandler
                0x0000000008000cbc                DMA1_Channel6_IRQHandler
                0x0000000008000cbc                UART4_IRQHandler
                0x0000000008000cbc                DMA2_Channel4_IRQHandler
                0x0000000008000cbc                TIM3_IRQHandler
                0x0000000008000cbc                RCC_IRQHandler
                0x0000000008000cbc                DMA1_Channel1_IRQHandler
                0x0000000008000cbc                Default_Handler
                0x0000000008000cbc                DMA2_Channel7_IRQHandler
                0x0000000008000cbc                EXTI15_10_IRQHandler
                0x0000000008000cbc                TIM7_IRQHandler
                0x0000000008000cbc                SDMMC1_IRQHandler
                0x0000000008000cbc                TIM5_IRQHandler
                0x0000000008000cbc                I2C3_EV_IRQHandler
                0x0000000008000cbc                EXTI9_5_IRQHandler
                0x0000000008000cbc                RTC_WKUP_IRQHandler
                0x0000000008000cbc                PVD_PVM_IRQHandler
                0x0000000008000cbc                SPI2_IRQHandler
                0x0000000008000cbc                CAN1_TX_IRQHandler
                0x0000000008000cbc                DMA2_Channel5_IRQHandler
                0x0000000008000cbc                EXTI4_IRQHandler
                0x0000000008000cbc                RNG_IRQHandler
                0x0000000008000cbc                TIM1_TRG_COM_TIM17_IRQHandler
                0x0000000008000cbc                DMA1_Channel3_IRQHandler
                0x0000000008000cbc                COMP_IRQHandler
                0x0000000008000cbc                WWDG_IRQHandler
                0x0000000008000cbc                LPUART1_IRQHandler
                0x0000000008000cbc                DMA2_Channel6_IRQHandler
                0x0000000008000cbc                TIM2_IRQHandler
                0x0000000008000cbc                EXTI1_IRQHandler
                0x0000000008000cbc                USART2_IRQHandler
                0x0000000008000cbc                DFSDM1_FLT0_IRQHandler
                0x0000000008000cbc                I2C2_ER_IRQHandler
                0x0000000008000cbc                DMA1_Channel2_IRQHandler
                0x0000000008000cbc                TIM8_BRK_IRQHandler
                0x0000000008000cbc                CAN1_SCE_IRQHandler
                0x0000000008000cbc                FLASH_IRQHandler
                0x0000000008000cbc                USART1_IRQHandler
                0x0000000008000cbc                OTG_FS_IRQHandler
                0x0000000008000cbc                SPI3_IRQHandler
                0x0000000008000cbc                I2C1_ER_IRQHandler
                0x0000000008000cbc                FMC_IRQHandler
                0x0000000008000cbc                SWPMI1_IRQHandler
                0x0000000008000cbc                LPTIM1_IRQHandler
                0x0000000008000cbc                SAI1_IRQHandler
                0x0000000008000cbc                DMA2_Channel3_IRQHandler
                0x0000000008000cbc                TIM1_BRK_TIM15_IRQHandler
 .text.HAL_Init
                0x0000000008000cbe       0x30 ./Drivers/STM32L4xx_HAL_Driver/Src/stm32l4xx_hal.o
                0x0000000008000cbe                HAL_Init
 *fill*         0x0000000008000cee        0x2 
 .text.HAL_InitTick
                0x0000000008000cf0       0x78 ./Drivers/STM32L4xx_HAL_Driver/Src/stm32l4xx_hal.o
                0x0000000008000cf0                HAL_InitTick
 .text.HAL_IncTick
                0x0000000008000d68       0x28 ./Drivers/STM32L4xx_HAL_Driver/Src/stm32l4xx_hal.o
                0x0000000008000d68                HAL_IncTick
 .text.HAL_GetTick
                0x0000000008000d90       0x18 ./Drivers/STM32L4xx_HAL_Driver/Src/stm32l4xx_hal.o
                0x0000000008000d90                HAL_GetTick
 .text.__NVIC_SetPriorityGrouping
                0x0000000008000da8       0x48 ./Drivers/STM32L4xx_HAL_Driver/Src/stm32l4xx_hal_cortex.o
 .text.__NVIC_GetPriorityGrouping
                0x0000000008000df0       0x1c ./Drivers/STM32L4xx_HAL_Driver/Src/stm32l4xx_hal_cortex.o
 .text.__NVIC_EnableIRQ
                0x0000000008000e0c       0x3c ./Drivers/STM32L4xx_HAL_Driver/Src/stm32l4xx_hal_cortex.o
 .text.__NVIC_SetPriority
                0x0000000008000e48       0x54 ./Drivers/STM32L4xx_HAL_Driver/Src/stm32l4xx_hal_cortex.o
 .text.NVIC_EncodePriority
                0x0000000008000e9c       0x66 ./Drivers/STM32L4xx_HAL_Driver/Src/stm32l4xx_hal_cortex.o
 *fill*         0x0000000008000f02        0x2 
 .text.SysTick_Config
                0x0000000008000f04       0x44 ./Drivers/STM32L4xx_HAL_Driver/Src/stm32l4xx_hal_cortex.o
 .text.HAL_NVIC_SetPriorityGrouping
                0x0000000008000f48       0x16 ./Drivers/STM32L4xx_HAL_Driver/Src/stm32l4xx_hal_cortex.o
                0x0000000008000f48                HAL_NVIC_SetPriorityGrouping
 .text.HAL_NVIC_SetPriority
                0x0000000008000f5e       0x38 ./Drivers/STM32L4xx_HAL_Driver/Src/stm32l4xx_hal_cortex.o
                0x0000000008000f5e                HAL_NVIC_SetPriority
 .text.HAL_NVIC_EnableIRQ
                0x0000000008000f96       0x1c ./Drivers/STM32L4xx_HAL_Driver/Src/stm32l4xx_hal_cortex.o
                0x0000000008000f96                HAL_NVIC_EnableIRQ
 .text.HAL_SYSTICK_Config
                0x0000000008000fb2       0x18 ./Drivers/STM32L4xx_HAL_Driver/Src/stm32l4xx_hal_cortex.o
                0x0000000008000fb2                HAL_SYSTICK_Config
 *fill*         0x0000000008000fca        0x2 
 .text.HAL_CRC_Init
                0x0000000008000fcc       0xc8 ./Drivers/STM32L4xx_HAL_Driver/Src/stm32l4xx_hal_crc.o
                0x0000000008000fcc                HAL_CRC_Init
 .text.HAL_CRCEx_Polynomial_Set
                0x0000000008001094      0x10c ./Drivers/STM32L4xx_HAL_Driver/Src/stm32l4xx_hal_crc_ex.o
                0x0000000008001094                HAL_CRCEx_Polynomial_Set
 .text.HAL_DMA_Init
                0x00000000080011a0      0x170 ./Drivers/STM32L4xx_HAL_Driver/Src/stm32l4xx_hal_dma.o
                0x00000000080011a0                HAL_DMA_Init
 .text.HAL_DMA_Start_IT
                0x0000000008001310       0xc0 ./Drivers/STM32L4xx_HAL_Driver/Src/stm32l4xx_hal_dma.o
                0x0000000008001310                HAL_DMA_Start_IT
 .text.HAL_DMA_IRQHandler
                0x00000000080013d0      0x15e ./Drivers/STM32L4xx_HAL_Driver/Src/stm32l4xx_hal_dma.o
                0x00000000080013d0                HAL_DMA_IRQHandler
 .text.DMA_SetConfig
                0x000000000800152e       0x60 ./Drivers/STM32L4xx_HAL_Driver/Src/stm32l4xx_hal_dma.o
 *fill*         0x000000000800158e        0x2 
 .text.HAL_GPIO_Init
                0x0000000008001590      0x354 ./Drivers/STM32L4xx_HAL_Driver/Src/stm32l4xx_hal_gpio.o
                0x0000000008001590                HAL_GPIO_Init
 .text.HAL_PWR_EnableBkUpAccess
                0x00000000080018e4       0x20 ./Drivers/STM32L4xx_HAL_Driver/Src/stm32l4xx_hal_pwr.o
                0x00000000080018e4                HAL_PWR_EnableBkUpAccess
 .text.HAL_PWREx_GetVoltageRange
                0x0000000008001904       0x1c ./Drivers/STM32L4xx_HAL_Driver/Src/stm32l4xx_hal_pwr_ex.o
                0x0000000008001904                HAL_PWREx_GetVoltageRange
 .text.HAL_PWREx_ControlVoltageScaling
                0x0000000008001920       0xac ./Drivers/STM32L4xx_HAL_Driver/Src/stm32l4xx_hal_pwr_ex.o
                0x0000000008001920                HAL_PWREx_ControlVoltageScaling
 .text.HAL_RCC_OscConfig
                0x00000000080019cc      0x7b8 ./Drivers/STM32L4xx_HAL_Driver/Src/stm32l4xx_hal_rcc.o
                0x00000000080019cc                HAL_RCC_OscConfig
 .text.HAL_RCC_ClockConfig
                0x0000000008002184      0x200 ./Drivers/STM32L4xx_HAL_Driver/Src/stm32l4xx_hal_rcc.o
                0x0000000008002184                HAL_RCC_ClockConfig
 .text.HAL_RCC_GetSysClockFreq
                0x0000000008002384      0x118 ./Drivers/STM32L4xx_HAL_Driver/Src/stm32l4xx_hal_rcc.o
                0x0000000008002384                HAL_RCC_GetSysClockFreq
 .text.HAL_RCC_GetHCLKFreq
                0x000000000800249c       0x18 ./Drivers/STM32L4xx_HAL_Driver/Src/stm32l4xx_hal_rcc.o
                0x000000000800249c                HAL_RCC_GetHCLKFreq
 .text.HAL_RCC_GetPCLK1Freq
                0x00000000080024b4       0x2c ./Drivers/STM32L4xx_HAL_Driver/Src/stm32l4xx_hal_rcc.o
                0x00000000080024b4                HAL_RCC_GetPCLK1Freq
 .text.HAL_RCC_GetPCLK2Freq
                0x00000000080024e0       0x2c ./Drivers/STM32L4xx_HAL_Driver/Src/stm32l4xx_hal_rcc.o
                0x00000000080024e0                HAL_RCC_GetPCLK2Freq
 .text.RCC_SetFlashLatencyFromMSIRange
                0x000000000800250c       0xc0 ./Drivers/STM32L4xx_HAL_Driver/Src/stm32l4xx_hal_rcc.o
 .text.HAL_RCCEx_PeriphCLKConfig
                0x00000000080025cc      0x5d4 ./Drivers/STM32L4xx_HAL_Driver/Src/stm32l4xx_hal_rcc_ex.o
                0x00000000080025cc                HAL_RCCEx_PeriphCLKConfig
 .text.HAL_RCCEx_EnableMSIPLLMode
                0x0000000008002ba0       0x20 ./Drivers/STM32L4xx_HAL_Driver/Src/stm32l4xx_hal_rcc_ex.o
                0x0000000008002ba0                HAL_RCCEx_EnableMSIPLLMode
 .text.RCCEx_PLLSAI1_Config
                0x0000000008002bc0      0x1e8 ./Drivers/STM32L4xx_HAL_Driver/Src/stm32l4xx_hal_rcc_ex.o
 .text.RCCEx_PLLSAI2_Config
                0x0000000008002da8      0x1bc ./Drivers/STM32L4xx_HAL_Driver/Src/stm32l4xx_hal_rcc_ex.o
 .text.HAL_UART_Init
                0x0000000008002f64       0x9c ./Drivers/STM32L4xx_HAL_Driver/Src/stm32l4xx_hal_uart.o
                0x0000000008002f64                HAL_UART_Init
 .text.HAL_UART_Transmit
                0x0000000008003000      0x128 ./Drivers/STM32L4xx_HAL_Driver/Src/stm32l4xx_hal_uart.o
                0x0000000008003000                HAL_UART_Transmit
 .text.HAL_UART_Receive_DMA
                0x0000000008003128       0xac ./Drivers/STM32L4xx_HAL_Driver/Src/stm32l4xx_hal_uart.o
                0x0000000008003128                HAL_UART_Receive_DMA
 .text.HAL_UART_RxCpltCallback
                0x00000000080031d4       0x14 ./Drivers/STM32L4xx_HAL_Driver/Src/stm32l4xx_hal_uart.o
                0x00000000080031d4                HAL_UART_RxCpltCallback
 .text.HAL_UART_ErrorCallback
                0x00000000080031e8       0x14 ./Drivers/STM32L4xx_HAL_Driver/Src/stm32l4xx_hal_uart.o
                0x00000000080031e8                HAL_UART_ErrorCallback
 .text.HAL_UARTEx_RxEventCallback
                0x00000000080031fc       0x18 ./Drivers/STM32L4xx_HAL_Driver/Src/stm32l4xx_hal_uart.o
                0x00000000080031fc                HAL_UARTEx_RxEventCallback
 .text.UART_SetConfig
                0x0000000008003214      0x570 ./Drivers/STM32L4xx_HAL_Driver/Src/stm32l4xx_hal_uart.o
                0x0000000008003214                UART_SetConfig
 .text.UART_AdvFeatureConfig
                0x0000000008003784      0x144 ./Drivers/STM32L4xx_HAL_Driver/Src/stm32l4xx_hal_uart.o
                0x0000000008003784                UART_AdvFeatureConfig
 .text.UART_CheckIdleState
                0x00000000080038c8       0x92 ./Drivers/STM32L4xx_HAL_Driver/Src/stm32l4xx_hal_uart.o
                0x00000000080038c8                UART_CheckIdleState
 .text.UART_WaitOnFlagUntilTimeout
                0x000000000800395a      0x188 ./Drivers/STM32L4xx_HAL_Driver/Src/stm32l4xx_hal_uart.o
                0x000000000800395a                UART_WaitOnFlagUntilTimeout
 *fill*         0x0000000008003ae2        0x2 
 .text.UART_Start_Receive_DMA
                0x0000000008003ae4      0x14c ./Drivers/STM32L4xx_HAL_Driver/Src/stm32l4xx_hal_uart.o
                0x0000000008003ae4                UART_Start_Receive_DMA
 .text.UART_EndTxTransfer
                0x0000000008003c30       0x4c ./Drivers/STM32L4xx_HAL_Driver/Src/stm32l4xx_hal_uart.o
 .text.UART_EndRxTransfer
                0x0000000008003c7c       0xc6 ./Drivers/STM32L4xx_HAL_Driver/Src/stm32l4xx_hal_uart.o
 .text.UART_DMAReceiveCplt
                0x0000000008003d42      0x124 ./Drivers/STM32L4xx_HAL_Driver/Src/stm32l4xx_hal_uart.o
 .text.UART_DMARxHalfCplt
                0x0000000008003e66       0x38 ./Drivers/STM32L4xx_HAL_Driver/Src/stm32l4xx_hal_uart.o
 .text.UART_DMAError
                0x0000000008003e9e       0x7c ./Drivers/STM32L4xx_HAL_Driver/Src/stm32l4xx_hal_uart.o
 *fill*         0x0000000008003f1a        0x2 
 .text.network_configure_activations
                0x0000000008003f1c      0x178 ./X-CUBE-AI/App/network.o
 .text.network_configure_weights
                0x0000000008004094      0x1e8 ./X-CUBE-AI/App/network.o
 .text.ai_network_get_error
                0x000000000800427c       0x18 ./X-CUBE-AI/App/network.o
                0x000000000800427c                ai_network_get_error
 .text.ai_network_create
                0x0000000008004294       0x2c ./X-CUBE-AI/App/network.o
                0x0000000008004294                ai_network_create
 .text.ai_network_create_and_init
                0x00000000080042c0       0xe8 ./X-CUBE-AI/App/network.o
                0x00000000080042c0                ai_network_create_and_init
 .text.ai_network_inputs_get
                0x00000000080043a8       0x34 ./X-CUBE-AI/App/network.o
                0x00000000080043a8                ai_network_inputs_get
 .text.ai_network_outputs_get
                0x00000000080043dc       0x34 ./X-CUBE-AI/App/network.o
                0x00000000080043dc                ai_network_outputs_get
 .text.ai_network_init
                0x0000000008004410       0x78 ./X-CUBE-AI/App/network.o
                0x0000000008004410                ai_network_init
 .text.ai_network_run
                0x0000000008004488       0x20 ./X-CUBE-AI/App/network.o
                0x0000000008004488                ai_network_run
 .text.ai_network_data_params_get
                0x00000000080044a8       0x50 ./X-CUBE-AI/App/network_data.o
                0x00000000080044a8                ai_network_data_params_get
 .text.ai_buffer_get_size
                0x00000000080044f8       0x68 ../Middlewares/ST/AI/Lib\NetworkRuntime810_CM4_GCC.a(ai_platform.o)
                0x00000000080044f8                ai_buffer_get_size
 .text.ai_buffer_array_sane
                0x0000000008004560       0x14 ../Middlewares/ST/AI/Lib\NetworkRuntime810_CM4_GCC.a(ai_platform.o)
                0x0000000008004560                ai_buffer_array_sane
 .text.ai_buffer_array_item_set_address
                0x0000000008004574       0x20 ../Middlewares/ST/AI/Lib\NetworkRuntime810_CM4_GCC.a(ai_platform.o)
                0x0000000008004574                ai_buffer_array_item_set_address
 .text._ai_platform_acquire_crc
                0x0000000008004594        0x4 ../Middlewares/ST/AI/Lib\NetworkRuntime810_CM4_GCC.a(ai_platform_interface.o)
                0x0000000008004594                _ai_platform_acquire_crc
 .text._ai_platform_release_crc
                0x0000000008004598        0x4 ../Middlewares/ST/AI/Lib\NetworkRuntime810_CM4_GCC.a(ai_platform_interface.o)
                0x0000000008004598                _ai_platform_release_crc
 .text.ai_platform_get_weights_map
                0x000000000800459c       0xa8 ../Middlewares/ST/AI/Lib\NetworkRuntime810_CM4_GCC.a(ai_platform_interface.o)
                0x000000000800459c                ai_platform_get_weights_map
 .text.ai_platform_get_activations_map
                0x0000000008004644       0xa8 ../Middlewares/ST/AI/Lib\NetworkRuntime810_CM4_GCC.a(ai_platform_interface.o)
                0x0000000008004644                ai_platform_get_activations_map
 .text.ai_platform_bind_network_params
                0x00000000080046ec       0x44 ../Middlewares/ST/AI/Lib\NetworkRuntime810_CM4_GCC.a(ai_platform_interface.o)
                0x00000000080046ec                ai_platform_bind_network_params
 .text.ai_platform_network_get_error
                0x0000000008004730       0xdc ../Middlewares/ST/AI/Lib\NetworkRuntime810_CM4_GCC.a(ai_platform_interface.o)
                0x0000000008004730                ai_platform_network_get_error
 .text.ai_platform_network_set_error
                0x000000000800480c        0xc ../Middlewares/ST/AI/Lib\NetworkRuntime810_CM4_GCC.a(ai_platform_interface.o)
                0x000000000800480c                ai_platform_network_set_error
 .text.ai_platform_inputs_get
                0x0000000008004818      0x1ac ../Middlewares/ST/AI/Lib\NetworkRuntime810_CM4_GCC.a(ai_platform_interface.o)
                0x0000000008004818                ai_platform_inputs_get
 .text.ai_platform_outputs_get
                0x00000000080049c4      0x1a0 ../Middlewares/ST/AI/Lib\NetworkRuntime810_CM4_GCC.a(ai_platform_interface.o)
                0x00000000080049c4                ai_platform_outputs_get
 .text.ai_platform_network_create
                0x0000000008004b64      0x1ac ../Middlewares/ST/AI/Lib\NetworkRuntime810_CM4_GCC.a(ai_platform_interface.o)
                0x0000000008004b64                ai_platform_network_create
 .text.ai_platform_network_init
                0x0000000008004d10      0x1dc ../Middlewares/ST/AI/Lib\NetworkRuntime810_CM4_GCC.a(ai_platform_interface.o)
                0x0000000008004d10                ai_platform_network_init
 .text.ai_platform_network_post_init
                0x0000000008004eec      0x110 ../Middlewares/ST/AI/Lib\NetworkRuntime810_CM4_GCC.a(ai_platform_interface.o)
                0x0000000008004eec                ai_platform_network_post_init
 .text.ai_platform_network_process
                0x0000000008004ffc      0x508 ../Middlewares/ST/AI/Lib\NetworkRuntime810_CM4_GCC.a(ai_platform_interface.o)
                0x0000000008004ffc                ai_platform_network_process
 .text.core_init
                0x0000000008005504        0x4 ../Middlewares/ST/AI/Lib\NetworkRuntime810_CM4_GCC.a(core_common.o)
                0x0000000008005504                core_init
 .text.core_get_error
                0x0000000008005508        0xc ../Middlewares/ST/AI/Lib\NetworkRuntime810_CM4_GCC.a(core_common.o)
                0x0000000008005508                core_get_error
 .text.core_set_error
                0x0000000008005514       0x18 ../Middlewares/ST/AI/Lib\NetworkRuntime810_CM4_GCC.a(core_common.o)
                0x0000000008005514                core_set_error
 .text.ai_check_custom_types
                0x000000000800552c       0x54 ../Middlewares/ST/AI/Lib\NetworkRuntime810_CM4_GCC.a(layers.o)
                0x000000000800552c                ai_check_custom_types
 .text.ai_layers_init_all
                0x0000000008005580       0x1c ../Middlewares/ST/AI/Lib\NetworkRuntime810_CM4_GCC.a(layers.o)
                0x0000000008005580                ai_layers_init_all
 .text.ai_layers_post_init_all
                0x000000000800559c       0x28 ../Middlewares/ST/AI/Lib\NetworkRuntime810_CM4_GCC.a(layers.o)
                0x000000000800559c                ai_layers_post_init_all
 .text.ai_layers_forward_all
                0x00000000080055c4       0x94 ../Middlewares/ST/AI/Lib\NetworkRuntime810_CM4_GCC.a(layers.o)
                0x00000000080055c4                ai_layers_forward_all
 .text.ai_dict_decompress_f32
                0x0000000008005658       0xa0 ../Middlewares/ST/AI/Lib\NetworkRuntime810_CM4_GCC.a(layers_conv2d_generic_float.o)
                0x0000000008005658                ai_dict_decompress_f32
 .text.forward_conv2d_if32of32wf32
                0x00000000080056f8      0x18c ../Middlewares/ST/AI/Lib\NetworkRuntime810_CM4_GCC.a(layers_conv2d_generic_float.o)
                0x00000000080056f8                forward_conv2d_if32of32wf32
 .text.forward_dense
                0x0000000008005884      0x54c ../Middlewares/ST/AI/Lib\NetworkRuntime810_CM4_GCC.a(layers_conv2d_generic_float.o)
                0x0000000008005884                forward_dense
 .text.forward_relu
                0x0000000008005dd0      0x268 ../Middlewares/ST/AI/Lib\NetworkRuntime810_CM4_GCC.a(layers_nl_generic_float.o)
                0x0000000008005dd0                forward_relu
 .text.forward_sm
                0x0000000008006038      0x11c ../Middlewares/ST/AI/Lib\NetworkRuntime810_CM4_GCC.a(layers_nl_generic_float.o)
                0x0000000008006038                forward_sm
 .text.forward_ap
                0x0000000008006154      0x21c ../Middlewares/ST/AI/Lib\NetworkRuntime810_CM4_GCC.a(layers_pool_generic_float.o)
                0x0000000008006154                forward_ap
 .text.ai_conv2d_kernel_simple_opt_f32.constprop.0
                0x0000000008006370      0x220 ../Middlewares/ST/AI/Lib\NetworkRuntime810_CM4_GCC.a(forward_lite_conv2d_if32of32wf32.o)
 .text.forward_lite_conv2d_if32of32wf32
                0x0000000008006590      0x2c4 ../Middlewares/ST/AI/Lib\NetworkRuntime810_CM4_GCC.a(forward_lite_conv2d_if32of32wf32.o)
                0x0000000008006590                forward_lite_conv2d_if32of32wf32
 .text.forward_lite_dense_if32of32wf32
                0x0000000008006854      0x248 ../Middlewares/ST/AI/Lib\NetworkRuntime810_CM4_GCC.a(lite_dense_if32.o)
                0x0000000008006854                forward_lite_dense_if32of32wf32
 .text.st_int8_copy
                0x0000000008006a9c      0x10c ../Middlewares/ST/AI/Lib\NetworkRuntime810_CM4_GCC.a(st_int8_fill.o)
                0x0000000008006a9c                st_int8_copy
 .text.ai_array_to_buffer_fmt
                0x0000000008006ba8       0xd8 ../Middlewares/ST/AI/Lib\NetworkRuntime810_CM4_GCC.a(ai_datatypes_format.o)
                0x0000000008006ba8                ai_array_to_buffer_fmt
 .text.ai_array_get_byte_size
                0x0000000008006c80       0x50 ../Middlewares/ST/AI/Lib\NetworkRuntime810_CM4_GCC.a(ai_datatypes_format.o)
                0x0000000008006c80                ai_array_get_byte_size
 .text.ai_array_get_data_byte_size
                0x0000000008006cd0       0x24 ../Middlewares/ST/AI/Lib\NetworkRuntime810_CM4_GCC.a(ai_datatypes_format.o)
                0x0000000008006cd0                ai_array_get_data_byte_size
 .text.ai_version_get
                0x0000000008006cf4        0xc ../Middlewares/ST/AI/Lib\NetworkRuntime810_CM4_GCC.a(ai_datatypes_internal.o)
                0x0000000008006cf4                ai_version_get
 .text.get_tensor_byte_size
                0x0000000008006d00       0x30 ../Middlewares/ST/AI/Lib\NetworkRuntime810_CM4_GCC.a(ai_datatypes_internal.o)
                0x0000000008006d00                get_tensor_byte_size
 .text.sbrk_aligned
                0x0000000008006d30       0x40 C:/ST/STM32CubeIDE_1.14.1/STM32CubeIDE/plugins/com.st.stm32cube.ide.mcu.externaltools.gnu-tools-for-stm32.11.3.rel1.win32_1.1.100.202309141235/tools/bin/../lib/gcc/arm-none-eabi/11.3.1/../../../../arm-none-eabi/lib/thumb/v7e-m+fp/hard\libc_nano.a(libc_a-mallocr.o)
 .text._malloc_r
                0x0000000008006d70      0x100 C:/ST/STM32CubeIDE_1.14.1/STM32CubeIDE/plugins/com.st.stm32cube.ide.mcu.externaltools.gnu-tools-for-stm32.11.3.rel1.win32_1.1.100.202309141235/tools/bin/../lib/gcc/arm-none-eabi/11.3.1/../../../../arm-none-eabi/lib/thumb/v7e-m+fp/hard\libc_nano.a(libc_a-mallocr.o)
                0x0000000008006d70                _malloc_r
 .text.__malloc_lock
                0x0000000008006e70        0xc C:/ST/STM32CubeIDE_1.14.1/STM32CubeIDE/plugins/com.st.stm32cube.ide.mcu.externaltools.gnu-tools-for-stm32.11.3.rel1.win32_1.1.100.202309141235/tools/bin/../lib/gcc/arm-none-eabi/11.3.1/../../../../arm-none-eabi/lib/thumb/v7e-m+fp/hard\libc_nano.a(libc_a-mlock.o)
                0x0000000008006e70                __malloc_lock
 .text.__malloc_unlock
                0x0000000008006e7c        0xc C:/ST/STM32CubeIDE_1.14.1/STM32CubeIDE/plugins/com.st.stm32cube.ide.mcu.externaltools.gnu-tools-for-stm32.11.3.rel1.win32_1.1.100.202309141235/tools/bin/../lib/gcc/arm-none-eabi/11.3.1/../../../../arm-none-eabi/lib/thumb/v7e-m+fp/hard\libc_nano.a(libc_a-mlock.o)
                0x0000000008006e7c                __malloc_unlock
 .text.std      0x0000000008006e88       0x6c C:/ST/STM32CubeIDE_1.14.1/STM32CubeIDE/plugins/com.st.stm32cube.ide.mcu.externaltools.gnu-tools-for-stm32.11.3.rel1.win32_1.1.100.202309141235/tools/bin/../lib/gcc/arm-none-eabi/11.3.1/../../../../arm-none-eabi/lib/thumb/v7e-m+fp/hard\libc_nano.a(libc_a-findfp.o)
 .text.stdio_exit_handler
                0x0000000008006ef4       0x18 C:/ST/STM32CubeIDE_1.14.1/STM32CubeIDE/plugins/com.st.stm32cube.ide.mcu.externaltools.gnu-tools-for-stm32.11.3.rel1.win32_1.1.100.202309141235/tools/bin/../lib/gcc/arm-none-eabi/11.3.1/../../../../arm-none-eabi/lib/thumb/v7e-m+fp/hard\libc_nano.a(libc_a-findfp.o)
 .text.cleanup_stdio
                0x0000000008006f0c       0x40 C:/ST/STM32CubeIDE_1.14.1/STM32CubeIDE/plugins/com.st.stm32cube.ide.mcu.externaltools.gnu-tools-for-stm32.11.3.rel1.win32_1.1.100.202309141235/tools/bin/../lib/gcc/arm-none-eabi/11.3.1/../../../../arm-none-eabi/lib/thumb/v7e-m+fp/hard\libc_nano.a(libc_a-findfp.o)
 .text.global_stdio_init.part.0
                0x0000000008006f4c       0x3c C:/ST/STM32CubeIDE_1.14.1/STM32CubeIDE/plugins/com.st.stm32cube.ide.mcu.externaltools.gnu-tools-for-stm32.11.3.rel1.win32_1.1.100.202309141235/tools/bin/../lib/gcc/arm-none-eabi/11.3.1/../../../../arm-none-eabi/lib/thumb/v7e-m+fp/hard\libc_nano.a(libc_a-findfp.o)
 .text.__sfp_lock_acquire
                0x0000000008006f88        0xc C:/ST/STM32CubeIDE_1.14.1/STM32CubeIDE/plugins/com.st.stm32cube.ide.mcu.externaltools.gnu-tools-for-stm32.11.3.rel1.win32_1.1.100.202309141235/tools/bin/../lib/gcc/arm-none-eabi/11.3.1/../../../../arm-none-eabi/lib/thumb/v7e-m+fp/hard\libc_nano.a(libc_a-findfp.o)
                0x0000000008006f88                __sfp_lock_acquire
 .text.__sfp_lock_release
                0x0000000008006f94        0xc C:/ST/STM32CubeIDE_1.14.1/STM32CubeIDE/plugins/com.st.stm32cube.ide.mcu.externaltools.gnu-tools-for-stm32.11.3.rel1.win32_1.1.100.202309141235/tools/bin/../lib/gcc/arm-none-eabi/11.3.1/../../../../arm-none-eabi/lib/thumb/v7e-m+fp/hard\libc_nano.a(libc_a-findfp.o)
                0x0000000008006f94                __sfp_lock_release
 .text.__sinit  0x0000000008006fa0       0x30 C:/ST/STM32CubeIDE_1.14.1/STM32CubeIDE/plugins/com.st.stm32cube.ide.mcu.externaltools.gnu-tools-for-stm32.11.3.rel1.win32_1.1.100.202309141235/tools/bin/../lib/gcc/arm-none-eabi/11.3.1/../../../../arm-none-eabi/lib/thumb/v7e-m+fp/hard\libc_nano.a(libc_a-findfp.o)
                0x0000000008006fa0                __sinit
 .text._fwalk_sglue
                0x0000000008006fd0       0x3c C:/ST/STM32CubeIDE_1.14.1/STM32CubeIDE/plugins/com.st.stm32cube.ide.mcu.externaltools.gnu-tools-for-stm32.11.3.rel1.win32_1.1.100.202309141235/tools/bin/../lib/gcc/arm-none-eabi/11.3.1/../../../../arm-none-eabi/lib/thumb/v7e-m+fp/hard\libc_nano.a(libc_a-fwalk.o)
                0x0000000008006fd0                _fwalk_sglue
 .text.printf   0x000000000800700c       0x24 C:/ST/STM32CubeIDE_1.14.1/STM32CubeIDE/plugins/com.st.stm32cube.ide.mcu.externaltools.gnu-tools-for-stm32.11.3.rel1.win32_1.1.100.202309141235/tools/bin/../lib/gcc/arm-none-eabi/11.3.1/../../../../arm-none-eabi/lib/thumb/v7e-m+fp/hard\libc_nano.a(libc_a-printf.o)
                0x000000000800700c                iprintf
                0x000000000800700c                printf
 .text.__sread  0x0000000008007030       0x22 C:/ST/STM32CubeIDE_1.14.1/STM32CubeIDE/plugins/com.st.stm32cube.ide.mcu.externaltools.gnu-tools-for-stm32.11.3.rel1.win32_1.1.100.202309141235/tools/bin/../lib/gcc/arm-none-eabi/11.3.1/../../../../arm-none-eabi/lib/thumb/v7e-m+fp/hard\libc_nano.a(libc_a-stdio.o)
                0x0000000008007030                __sread
 .text.__swrite
                0x0000000008007052       0x38 C:/ST/STM32CubeIDE_1.14.1/STM32CubeIDE/plugins/com.st.stm32cube.ide.mcu.externaltools.gnu-tools-for-stm32.11.3.rel1.win32_1.1.100.202309141235/tools/bin/../lib/gcc/arm-none-eabi/11.3.1/../../../../arm-none-eabi/lib/thumb/v7e-m+fp/hard\libc_nano.a(libc_a-stdio.o)
                0x0000000008007052                __swrite
 .text.__sseek  0x000000000800708a       0x24 C:/ST/STM32CubeIDE_1.14.1/STM32CubeIDE/plugins/com.st.stm32cube.ide.mcu.externaltools.gnu-tools-for-stm32.11.3.rel1.win32_1.1.100.202309141235/tools/bin/../lib/gcc/arm-none-eabi/11.3.1/../../../../arm-none-eabi/lib/thumb/v7e-m+fp/hard\libc_nano.a(libc_a-stdio.o)
                0x000000000800708a                __sseek
 .text.__sclose
                0x00000000080070ae        0x8 C:/ST/STM32CubeIDE_1.14.1/STM32CubeIDE/plugins/com.st.stm32cube.ide.mcu.externaltools.gnu-tools-for-stm32.11.3.rel1.win32_1.1.100.202309141235/tools/bin/../lib/gcc/arm-none-eabi/11.3.1/../../../../arm-none-eabi/lib/thumb/v7e-m+fp/hard\libc_nano.a(libc_a-stdio.o)
                0x00000000080070ae                __sclose
 .text.memset   0x00000000080070b6       0x10 C:/ST/STM32CubeIDE_1.14.1/STM32CubeIDE/plugins/com.st.stm32cube.ide.mcu.externaltools.gnu-tools-for-stm32.11.3.rel1.win32_1.1.100.202309141235/tools/bin/../lib/gcc/arm-none-eabi/11.3.1/../../../../arm-none-eabi/lib/thumb/v7e-m+fp/hard\libc_nano.a(libc_a-memset.o)
                0x00000000080070b6                memset
 *fill*         0x00000000080070c6        0x2 
 .text._close_r
                0x00000000080070c8       0x20 C:/ST/STM32CubeIDE_1.14.1/STM32CubeIDE/plugins/com.st.stm32cube.ide.mcu.externaltools.gnu-tools-for-stm32.11.3.rel1.win32_1.1.100.202309141235/tools/bin/../lib/gcc/arm-none-eabi/11.3.1/../../../../arm-none-eabi/lib/thumb/v7e-m+fp/hard\libc_nano.a(libc_a-closer.o)
                0x00000000080070c8                _close_r
 .text._lseek_r
                0x00000000080070e8       0x24 C:/ST/STM32CubeIDE_1.14.1/STM32CubeIDE/plugins/com.st.stm32cube.ide.mcu.externaltools.gnu-tools-for-stm32.11.3.rel1.win32_1.1.100.202309141235/tools/bin/../lib/gcc/arm-none-eabi/11.3.1/../../../../arm-none-eabi/lib/thumb/v7e-m+fp/hard\libc_nano.a(libc_a-lseekr.o)
                0x00000000080070e8                _lseek_r
 .text._read_r  0x000000000800710c       0x24 C:/ST/STM32CubeIDE_1.14.1/STM32CubeIDE/plugins/com.st.stm32cube.ide.mcu.externaltools.gnu-tools-for-stm32.11.3.rel1.win32_1.1.100.202309141235/tools/bin/../lib/gcc/arm-none-eabi/11.3.1/../../../../arm-none-eabi/lib/thumb/v7e-m+fp/hard\libc_nano.a(libc_a-readr.o)
                0x000000000800710c                _read_r
 .text._sbrk_r  0x0000000008007130       0x20 C:/ST/STM32CubeIDE_1.14.1/STM32CubeIDE/plugins/com.st.stm32cube.ide.mcu.externaltools.gnu-tools-for-stm32.11.3.rel1.win32_1.1.100.202309141235/tools/bin/../lib/gcc/arm-none-eabi/11.3.1/../../../../arm-none-eabi/lib/thumb/v7e-m+fp/hard\libc_nano.a(libc_a-sbrkr.o)
                0x0000000008007130                _sbrk_r
 .text._write_r
                0x0000000008007150       0x24 C:/ST/STM32CubeIDE_1.14.1/STM32CubeIDE/plugins/com.st.stm32cube.ide.mcu.externaltools.gnu-tools-for-stm32.11.3.rel1.win32_1.1.100.202309141235/tools/bin/../lib/gcc/arm-none-eabi/11.3.1/../../../../arm-none-eabi/lib/thumb/v7e-m+fp/hard\libc_nano.a(libc_a-writer.o)
                0x0000000008007150                _write_r
 .text.__errno  0x0000000008007174        0xc C:/ST/STM32CubeIDE_1.14.1/STM32CubeIDE/plugins/com.st.stm32cube.ide.mcu.externaltools.gnu-tools-for-stm32.11.3.rel1.win32_1.1.100.202309141235/tools/bin/../lib/gcc/arm-none-eabi/11.3.1/../../../../arm-none-eabi/lib/thumb/v7e-m+fp/hard\libc_nano.a(libc_a-errno.o)
                0x0000000008007174                __errno
 .text.__libc_init_array
                0x0000000008007180       0x48 C:/ST/STM32CubeIDE_1.14.1/STM32CubeIDE/plugins/com.st.stm32cube.ide.mcu.externaltools.gnu-tools-for-stm32.11.3.rel1.win32_1.1.100.202309141235/tools/bin/../lib/gcc/arm-none-eabi/11.3.1/../../../../arm-none-eabi/lib/thumb/v7e-m+fp/hard\libc_nano.a(libc_a-init.o)
                0x0000000008007180                __libc_init_array
 .text.__retarget_lock_init_recursive
                0x00000000080071c8        0x2 C:/ST/STM32CubeIDE_1.14.1/STM32CubeIDE/plugins/com.st.stm32cube.ide.mcu.externaltools.gnu-tools-for-stm32.11.3.rel1.win32_1.1.100.202309141235/tools/bin/../lib/gcc/arm-none-eabi/11.3.1/../../../../arm-none-eabi/lib/thumb/v7e-m+fp/hard\libc_nano.a(libc_a-lock.o)
                0x00000000080071c8                __retarget_lock_init_recursive
 .text.__retarget_lock_acquire_recursive
                0x00000000080071ca        0x2 C:/ST/STM32CubeIDE_1.14.1/STM32CubeIDE/plugins/com.st.stm32cube.ide.mcu.externaltools.gnu-tools-for-stm32.11.3.rel1.win32_1.1.100.202309141235/tools/bin/../lib/gcc/arm-none-eabi/11.3.1/../../../../arm-none-eabi/lib/thumb/v7e-m+fp/hard\libc_nano.a(libc_a-lock.o)
                0x00000000080071ca                __retarget_lock_acquire_recursive
 .text.__retarget_lock_release_recursive
                0x00000000080071cc        0x2 C:/ST/STM32CubeIDE_1.14.1/STM32CubeIDE/plugins/com.st.stm32cube.ide.mcu.externaltools.gnu-tools-for-stm32.11.3.rel1.win32_1.1.100.202309141235/tools/bin/../lib/gcc/arm-none-eabi/11.3.1/../../../../arm-none-eabi/lib/thumb/v7e-m+fp/hard\libc_nano.a(libc_a-lock.o)
                0x00000000080071cc                __retarget_lock_release_recursive
 *fill*         0x00000000080071ce        0x2 
 .text._free_r  0x00000000080071d0       0x98 C:/ST/STM32CubeIDE_1.14.1/STM32CubeIDE/plugins/com.st.stm32cube.ide.mcu.externaltools.gnu-tools-for-stm32.11.3.rel1.win32_1.1.100.202309141235/tools/bin/../lib/gcc/arm-none-eabi/11.3.1/../../../../arm-none-eabi/lib/thumb/v7e-m+fp/hard\libc_nano.a(libc_a-freer.o)
                0x00000000080071d0                _free_r
 .text.__sfputc_r
                0x0000000008007268       0x2e C:/ST/STM32CubeIDE_1.14.1/STM32CubeIDE/plugins/com.st.stm32cube.ide.mcu.externaltools.gnu-tools-for-stm32.11.3.rel1.win32_1.1.100.202309141235/tools/bin/../lib/gcc/arm-none-eabi/11.3.1/../../../../arm-none-eabi/lib/thumb/v7e-m+fp/hard\libc_nano.a(libc_a-nano-vfprintf.o)
 .text.__sfputs_r
                0x0000000008007296       0x24 C:/ST/STM32CubeIDE_1.14.1/STM32CubeIDE/plugins/com.st.stm32cube.ide.mcu.externaltools.gnu-tools-for-stm32.11.3.rel1.win32_1.1.100.202309141235/tools/bin/../lib/gcc/arm-none-eabi/11.3.1/../../../../arm-none-eabi/lib/thumb/v7e-m+fp/hard\libc_nano.a(libc_a-nano-vfprintf.o)
                0x0000000008007296                __sfputs_r
 *fill*         0x00000000080072ba        0x2 
 .text._vfprintf_r
                0x00000000080072bc      0x234 C:/ST/STM32CubeIDE_1.14.1/STM32CubeIDE/plugins/com.st.stm32cube.ide.mcu.externaltools.gnu-tools-for-stm32.11.3.rel1.win32_1.1.100.202309141235/tools/bin/../lib/gcc/arm-none-eabi/11.3.1/../../../../arm-none-eabi/lib/thumb/v7e-m+fp/hard\libc_nano.a(libc_a-nano-vfprintf.o)
                0x00000000080072bc                _vfprintf_r
                0x00000000080072bc                _vfiprintf_r
 .text._printf_common
                0x00000000080074f0       0xda C:/ST/STM32CubeIDE_1.14.1/STM32CubeIDE/plugins/com.st.stm32cube.ide.mcu.externaltools.gnu-tools-for-stm32.11.3.rel1.win32_1.1.100.202309141235/tools/bin/../lib/gcc/arm-none-eabi/11.3.1/../../../../arm-none-eabi/lib/thumb/v7e-m+fp/hard\libc_nano.a(libc_a-nano-vfprintf_i.o)
                0x00000000080074f0                _printf_common
 *fill*         0x00000000080075ca        0x2 
 .text._printf_i
                0x00000000080075cc      0x244 C:/ST/STM32CubeIDE_1.14.1/STM32CubeIDE/plugins/com.st.stm32cube.ide.mcu.externaltools.gnu-tools-for-stm32.11.3.rel1.win32_1.1.100.202309141235/tools/bin/../lib/gcc/arm-none-eabi/11.3.1/../../../../arm-none-eabi/lib/thumb/v7e-m+fp/hard\libc_nano.a(libc_a-nano-vfprintf_i.o)
                0x00000000080075cc                _printf_i
 .text.__sflush_r
                0x0000000008007810      0x10c C:/ST/STM32CubeIDE_1.14.1/STM32CubeIDE/plugins/com.st.stm32cube.ide.mcu.externaltools.gnu-tools-for-stm32.11.3.rel1.win32_1.1.100.202309141235/tools/bin/../lib/gcc/arm-none-eabi/11.3.1/../../../../arm-none-eabi/lib/thumb/v7e-m+fp/hard\libc_nano.a(libc_a-fflush.o)
                0x0000000008007810                __sflush_r
 .text._fflush_r
                0x000000000800791c       0x50 C:/ST/STM32CubeIDE_1.14.1/STM32CubeIDE/plugins/com.st.stm32cube.ide.mcu.externaltools.gnu-tools-for-stm32.11.3.rel1.win32_1.1.100.202309141235/tools/bin/../lib/gcc/arm-none-eabi/11.3.1/../../../../arm-none-eabi/lib/thumb/v7e-m+fp/hard\libc_nano.a(libc_a-fflush.o)
                0x000000000800791c                _fflush_r
 .text.__swbuf_r
                0x000000000800796c       0x7a C:/ST/STM32CubeIDE_1.14.1/STM32CubeIDE/plugins/com.st.stm32cube.ide.mcu.externaltools.gnu-tools-for-stm32.11.3.rel1.win32_1.1.100.202309141235/tools/bin/../lib/gcc/arm-none-eabi/11.3.1/../../../../arm-none-eabi/lib/thumb/v7e-m+fp/hard\libc_nano.a(libc_a-wbuf.o)
                0x000000000800796c                __swbuf_r
 *fill*         0x00000000080079e6        0x2 
 .text.__swsetup_r
                0x00000000080079e8       0xb0 C:/ST/STM32CubeIDE_1.14.1/STM32CubeIDE/plugins/com.st.stm32cube.ide.mcu.externaltools.gnu-tools-for-stm32.11.3.rel1.win32_1.1.100.202309141235/tools/bin/../lib/gcc/arm-none-eabi/11.3.1/../../../../arm-none-eabi/lib/thumb/v7e-m+fp/hard\libc_nano.a(libc_a-wsetup.o)
                0x00000000080079e8                __swsetup_r
 .text.__swhatbuf_r
                0x0000000008007a98       0x4c C:/ST/STM32CubeIDE_1.14.1/STM32CubeIDE/plugins/com.st.stm32cube.ide.mcu.externaltools.gnu-tools-for-stm32.11.3.rel1.win32_1.1.100.202309141235/tools/bin/../lib/gcc/arm-none-eabi/11.3.1/../../../../arm-none-eabi/lib/thumb/v7e-m+fp/hard\libc_nano.a(libc_a-makebuf.o)
                0x0000000008007a98                __swhatbuf_r
 .text.__smakebuf_r
                0x0000000008007ae4       0x78 C:/ST/STM32CubeIDE_1.14.1/STM32CubeIDE/plugins/com.st.stm32cube.ide.mcu.externaltools.gnu-tools-for-stm32.11.3.rel1.win32_1.1.100.202309141235/tools/bin/../lib/gcc/arm-none-eabi/11.3.1/../../../../arm-none-eabi/lib/thumb/v7e-m+fp/hard\libc_nano.a(libc_a-makebuf.o)
                0x0000000008007ae4                __smakebuf_r
 .text._fstat_r
                0x0000000008007b5c       0x24 C:/ST/STM32CubeIDE_1.14.1/STM32CubeIDE/plugins/com.st.stm32cube.ide.mcu.externaltools.gnu-tools-for-stm32.11.3.rel1.win32_1.1.100.202309141235/tools/bin/../lib/gcc/arm-none-eabi/11.3.1/../../../../arm-none-eabi/lib/thumb/v7e-m+fp/hard\libc_nano.a(libc_a-fstatr.o)
                0x0000000008007b5c                _fstat_r
 .text._isatty_r
                0x0000000008007b80       0x20 C:/ST/STM32CubeIDE_1.14.1/STM32CubeIDE/plugins/com.st.stm32cube.ide.mcu.externaltools.gnu-tools-for-stm32.11.3.rel1.win32_1.1.100.202309141235/tools/bin/../lib/gcc/arm-none-eabi/11.3.1/../../../../arm-none-eabi/lib/thumb/v7e-m+fp/hard\libc_nano.a(libc_a-isattyr.o)
                0x0000000008007b80                _isatty_r
 .text.expf     0x0000000008007ba0       0x6c C:/ST/STM32CubeIDE_1.14.1/STM32CubeIDE/plugins/com.st.stm32cube.ide.mcu.externaltools.gnu-tools-for-stm32.11.3.rel1.win32_1.1.100.202309141235/tools/bin/../lib/gcc/arm-none-eabi/11.3.1/../../../../arm-none-eabi/lib/thumb/v7e-m+fp/hard\libm.a(libm_a-wf_exp.o)
                0x0000000008007ba0                expf
 .text.finitef  0x0000000008007c0c       0x1a C:/ST/STM32CubeIDE_1.14.1/STM32CubeIDE/plugins/com.st.stm32cube.ide.mcu.externaltools.gnu-tools-for-stm32.11.3.rel1.win32_1.1.100.202309141235/tools/bin/../lib/gcc/arm-none-eabi/11.3.1/../../../../arm-none-eabi/lib/thumb/v7e-m+fp/hard\libm.a(libm_a-sf_finite.o)
                0x0000000008007c0c                finitef
 .text.with_errnof
                0x0000000008007c26       0x16 C:/ST/STM32CubeIDE_1.14.1/STM32CubeIDE/plugins/com.st.stm32cube.ide.mcu.externaltools.gnu-tools-for-stm32.11.3.rel1.win32_1.1.100.202309141235/tools/bin/../lib/gcc/arm-none-eabi/11.3.1/../../../../arm-none-eabi/lib/thumb/v7e-m+fp/hard\libm.a(libm_a-math_errf.o)
 .text.xflowf   0x0000000008007c3c       0x16 C:/ST/STM32CubeIDE_1.14.1/STM32CubeIDE/plugins/com.st.stm32cube.ide.mcu.externaltools.gnu-tools-for-stm32.11.3.rel1.win32_1.1.100.202309141235/tools/bin/../lib/gcc/arm-none-eabi/11.3.1/../../../../arm-none-eabi/lib/thumb/v7e-m+fp/hard\libm.a(libm_a-math_errf.o)
 *fill*         0x0000000008007c52        0x2 
 .text.__math_uflowf
                0x0000000008007c54        0xc C:/ST/STM32CubeIDE_1.14.1/STM32CubeIDE/plugins/com.st.stm32cube.ide.mcu.externaltools.gnu-tools-for-stm32.11.3.rel1.win32_1.1.100.202309141235/tools/bin/../lib/gcc/arm-none-eabi/11.3.1/../../../../arm-none-eabi/lib/thumb/v7e-m+fp/hard\libm.a(libm_a-math_errf.o)
                0x0000000008007c54                __math_uflowf
 .text.__math_oflowf
                0x0000000008007c60        0xc C:/ST/STM32CubeIDE_1.14.1/STM32CubeIDE/plugins/com.st.stm32cube.ide.mcu.externaltools.gnu-tools-for-stm32.11.3.rel1.win32_1.1.100.202309141235/tools/bin/../lib/gcc/arm-none-eabi/11.3.1/../../../../arm-none-eabi/lib/thumb/v7e-m+fp/hard\libm.a(libm_a-math_errf.o)
                0x0000000008007c60                __math_oflowf
 .text.__ieee754_expf
                0x0000000008007c6c      0x19c C:/ST/STM32CubeIDE_1.14.1/STM32CubeIDE/plugins/com.st.stm32cube.ide.mcu.externaltools.gnu-tools-for-stm32.11.3.rel1.win32_1.1.100.202309141235/tools/bin/../lib/gcc/arm-none-eabi/11.3.1/../../../../arm-none-eabi/lib/thumb/v7e-m+fp/hard\libm.a(libm_a-ef_exp.o)
                0x0000000008007c6c                __ieee754_expf
 .text._close   0x0000000008007e08       0x10 C:/ST/STM32CubeIDE_1.14.1/STM32CubeIDE/plugins/com.st.stm32cube.ide.mcu.externaltools.gnu-tools-for-stm32.11.3.rel1.win32_1.1.100.202309141235/tools/bin/../lib/gcc/arm-none-eabi/11.3.1/../../../../arm-none-eabi/lib/thumb/v7e-m+fp/hard\libnosys.a(close.o)
                0x0000000008007e08                _close
 .text._fstat   0x0000000008007e18       0x10 C:/ST/STM32CubeIDE_1.14.1/STM32CubeIDE/plugins/com.st.stm32cube.ide.mcu.externaltools.gnu-tools-for-stm32.11.3.rel1.win32_1.1.100.202309141235/tools/bin/../lib/gcc/arm-none-eabi/11.3.1/../../../../arm-none-eabi/lib/thumb/v7e-m+fp/hard\libnosys.a(fstat.o)
                0x0000000008007e18                _fstat
 .text._isatty  0x0000000008007e28       0x10 C:/ST/STM32CubeIDE_1.14.1/STM32CubeIDE/plugins/com.st.stm32cube.ide.mcu.externaltools.gnu-tools-for-stm32.11.3.rel1.win32_1.1.100.202309141235/tools/bin/../lib/gcc/arm-none-eabi/11.3.1/../../../../arm-none-eabi/lib/thumb/v7e-m+fp/hard\libnosys.a(isatty.o)
                0x0000000008007e28                _isatty
 .text._lseek   0x0000000008007e38       0x10 C:/ST/STM32CubeIDE_1.14.1/STM32CubeIDE/plugins/com.st.stm32cube.ide.mcu.externaltools.gnu-tools-for-stm32.11.3.rel1.win32_1.1.100.202309141235/tools/bin/../lib/gcc/arm-none-eabi/11.3.1/../../../../arm-none-eabi/lib/thumb/v7e-m+fp/hard\libnosys.a(lseek.o)
                0x0000000008007e38                _lseek
 .text._read    0x0000000008007e48       0x10 C:/ST/STM32CubeIDE_1.14.1/STM32CubeIDE/plugins/com.st.stm32cube.ide.mcu.externaltools.gnu-tools-for-stm32.11.3.rel1.win32_1.1.100.202309141235/tools/bin/../lib/gcc/arm-none-eabi/11.3.1/../../../../arm-none-eabi/lib/thumb/v7e-m+fp/hard\libnosys.a(read.o)
                0x0000000008007e48                _read
 *(.glue_7)
 .glue_7        0x0000000008007e58        0x0 linker stubs
 *(.glue_7t)
 .glue_7t       0x0000000008007e58        0x0 linker stubs
 *(.eh_frame)
 .eh_frame      0x0000000008007e58        0x0 C:/ST/STM32CubeIDE_1.14.1/STM32CubeIDE/plugins/com.st.stm32cube.ide.mcu.externaltools.gnu-tools-for-stm32.11.3.rel1.win32_1.1.100.202309141235/tools/bin/../lib/gcc/arm-none-eabi/11.3.1/thumb/v7e-m+fp/hard/crtbegin.o
 *(.init)
 .init          0x0000000008007e58        0x4 C:/ST/STM32CubeIDE_1.14.1/STM32CubeIDE/plugins/com.st.stm32cube.ide.mcu.externaltools.gnu-tools-for-stm32.11.3.rel1.win32_1.1.100.202309141235/tools/bin/../lib/gcc/arm-none-eabi/11.3.1/thumb/v7e-m+fp/hard/crti.o
                0x0000000008007e58                _init
 .init          0x0000000008007e5c        0x8 C:/ST/STM32CubeIDE_1.14.1/STM32CubeIDE/plugins/com.st.stm32cube.ide.mcu.externaltools.gnu-tools-for-stm32.11.3.rel1.win32_1.1.100.202309141235/tools/bin/../lib/gcc/arm-none-eabi/11.3.1/thumb/v7e-m+fp/hard/crtn.o
 *(.fini)
 .fini          0x0000000008007e64        0x4 C:/ST/STM32CubeIDE_1.14.1/STM32CubeIDE/plugins/com.st.stm32cube.ide.mcu.externaltools.gnu-tools-for-stm32.11.3.rel1.win32_1.1.100.202309141235/tools/bin/../lib/gcc/arm-none-eabi/11.3.1/thumb/v7e-m+fp/hard/crti.o
                0x0000000008007e64                _fini
 .fini          0x0000000008007e68        0x8 C:/ST/STM32CubeIDE_1.14.1/STM32CubeIDE/plugins/com.st.stm32cube.ide.mcu.externaltools.gnu-tools-for-stm32.11.3.rel1.win32_1.1.100.202309141235/tools/bin/../lib/gcc/arm-none-eabi/11.3.1/thumb/v7e-m+fp/hard/crtn.o
                0x0000000008007e70                . = ALIGN (0x4)
                0x0000000008007e70                _etext = .

.vfp11_veneer   0x0000000008007e70        0x0
 .vfp11_veneer  0x0000000008007e70        0x0 linker stubs

.v4_bx          0x0000000008007e70        0x0
 .v4_bx         0x0000000008007e70        0x0 linker stubs

.iplt           0x0000000008007e70        0x0
 .iplt          0x0000000008007e70        0x0 C:/ST/STM32CubeIDE_1.14.1/STM32CubeIDE/plugins/com.st.stm32cube.ide.mcu.externaltools.gnu-tools-for-stm32.11.3.rel1.win32_1.1.100.202309141235/tools/bin/../lib/gcc/arm-none-eabi/11.3.1/thumb/v7e-m+fp/hard/crtbegin.o

.rodata         0x0000000008007e80    0xcbbac
                0x0000000008007e80                . = ALIGN (0x4)
 *(.rodata)
 .rodata        0x0000000008007e80       0x88 ./Core/Src/main.o
 .rodata        0x0000000008007f08       0x30 ./X-CUBE-AI/App/network_data.o
 *(.rodata*)
 .rodata.AHBPrescTable
                0x0000000008007f38       0x10 ./Core/Src/system_stm32l4xx.o
                0x0000000008007f38                AHBPrescTable
 .rodata.APBPrescTable
                0x0000000008007f48        0x8 ./Core/Src/system_stm32l4xx.o
                0x0000000008007f48                APBPrescTable
 .rodata.MSIRangeTable
                0x0000000008007f50       0x30 ./Core/Src/system_stm32l4xx.o
                0x0000000008007f50                MSIRangeTable
 .rodata.nl_8_chain
                0x0000000008007f80        0x8 ./X-CUBE-AI/App/network.o
 .rodata.gemm_7_chain
                0x0000000008007f88        0x8 ./X-CUBE-AI/App/network.o
 .rodata.nl_6_nl_chain
                0x0000000008007f90        0x8 ./X-CUBE-AI/App/network.o
 .rodata.gemm_6_chain
                0x0000000008007f98        0x8 ./X-CUBE-AI/App/network.o
 .rodata.nl_5_nl_chain
                0x0000000008007fa0        0x8 ./X-CUBE-AI/App/network.o
 .rodata.gemm_5_chain
                0x0000000008007fa8        0x8 ./X-CUBE-AI/App/network.o
 .rodata.pool_3_chain
                0x0000000008007fb0        0x8 ./X-CUBE-AI/App/network.o
 .rodata.nl_2_nl_chain
                0x0000000008007fb8        0x8 ./X-CUBE-AI/App/network.o
 .rodata.conv2d_2_chain
                0x0000000008007fc0        0x8 ./X-CUBE-AI/App/network.o
 .rodata.pool_1_chain
                0x0000000008007fc8        0x8 ./X-CUBE-AI/App/network.o
 .rodata.nl_0_nl_chain
                0x0000000008007fd0        0x8 ./X-CUBE-AI/App/network.o
 .rodata.conv2d_0_chain
                0x0000000008007fd8        0x8 ./X-CUBE-AI/App/network.o
 .rodata.s_network_weights_array_u64
                0x0000000008007fe0    0xcba00 ./X-CUBE-AI/App/network_data_params.o
                0x0000000008007fe0                s_network_weights_array_u64
 .rodata._vfprintf_r.str1.1
                0x00000000080d39e0       0x11 C:/ST/STM32CubeIDE_1.14.1/STM32CubeIDE/plugins/com.st.stm32cube.ide.mcu.externaltools.gnu-tools-for-stm32.11.3.rel1.win32_1.1.100.202309141235/tools/bin/../lib/gcc/arm-none-eabi/11.3.1/../../../../arm-none-eabi/lib/thumb/v7e-m+fp/hard\libc_nano.a(libc_a-nano-vfprintf.o)
 .rodata._printf_i.str1.1
                0x00000000080d39f1       0x22 C:/ST/STM32CubeIDE_1.14.1/STM32CubeIDE/plugins/com.st.stm32cube.ide.mcu.externaltools.gnu-tools-for-stm32.11.3.rel1.win32_1.1.100.202309141235/tools/bin/../lib/gcc/arm-none-eabi/11.3.1/../../../../arm-none-eabi/lib/thumb/v7e-m+fp/hard\libc_nano.a(libc_a-nano-vfprintf_i.o)
 *fill*         0x00000000080d3a13        0x1 
 .rodata.halF   0x00000000080d3a14        0x8 C:/ST/STM32CubeIDE_1.14.1/STM32CubeIDE/plugins/com.st.stm32cube.ide.mcu.externaltools.gnu-tools-for-stm32.11.3.rel1.win32_1.1.100.202309141235/tools/bin/../lib/gcc/arm-none-eabi/11.3.1/../../../../arm-none-eabi/lib/thumb/v7e-m+fp/hard\libm.a(libm_a-ef_exp.o)
 .rodata.ln2HI  0x00000000080d3a1c        0x8 C:/ST/STM32CubeIDE_1.14.1/STM32CubeIDE/plugins/com.st.stm32cube.ide.mcu.externaltools.gnu-tools-for-stm32.11.3.rel1.win32_1.1.100.202309141235/tools/bin/../lib/gcc/arm-none-eabi/11.3.1/../../../../arm-none-eabi/lib/thumb/v7e-m+fp/hard\libm.a(libm_a-ef_exp.o)
 .rodata.ln2LO  0x00000000080d3a24        0x8 C:/ST/STM32CubeIDE_1.14.1/STM32CubeIDE/plugins/com.st.stm32cube.ide.mcu.externaltools.gnu-tools-for-stm32.11.3.rel1.win32_1.1.100.202309141235/tools/bin/../lib/gcc/arm-none-eabi/11.3.1/../../../../arm-none-eabi/lib/thumb/v7e-m+fp/hard\libm.a(libm_a-ef_exp.o)
                0x00000000080d3a2c                . = ALIGN (0x4)

.ARM.extab      0x00000000080d3a2c        0x0
                0x00000000080d3a2c                . = ALIGN (0x4)
 *(.ARM.extab* .gnu.linkonce.armextab.*)
                0x00000000080d3a2c                . = ALIGN (0x4)

.ARM            0x00000000080d3a2c        0x8
                0x00000000080d3a2c                . = ALIGN (0x4)
                0x00000000080d3a2c                __exidx_start = .
 *(.ARM.exidx*)
 .ARM.exidx     0x00000000080d3a2c        0x8 C:/ST/STM32CubeIDE_1.14.1/STM32CubeIDE/plugins/com.st.stm32cube.ide.mcu.externaltools.gnu-tools-for-stm32.11.3.rel1.win32_1.1.100.202309141235/tools/bin/../lib/gcc/arm-none-eabi/11.3.1/thumb/v7e-m+fp/hard\libgcc.a(_udivmoddi4.o)
                0x00000000080d3a34                __exidx_end = .
                0x00000000080d3a34                . = ALIGN (0x4)

.rel.dyn        0x00000000080d3a34        0x0
 .rel.iplt      0x00000000080d3a34        0x0 C:/ST/STM32CubeIDE_1.14.1/STM32CubeIDE/plugins/com.st.stm32cube.ide.mcu.externaltools.gnu-tools-for-stm32.11.3.rel1.win32_1.1.100.202309141235/tools/bin/../lib/gcc/arm-none-eabi/11.3.1/thumb/v7e-m+fp/hard/crtbegin.o

.preinit_array  0x00000000080d3a34        0x0
                0x00000000080d3a34                . = ALIGN (0x4)
                0x00000000080d3a34                PROVIDE (__preinit_array_start = .)
 *(.preinit_array*)
                0x00000000080d3a34                PROVIDE (__preinit_array_end = .)
                0x00000000080d3a34                . = ALIGN (0x4)

.init_array     0x00000000080d3a34        0x4
                0x00000000080d3a34                . = ALIGN (0x4)
                0x00000000080d3a34                PROVIDE (__init_array_start = .)
 *(SORT_BY_NAME(.init_array.*))
 *(.init_array*)
 .init_array    0x00000000080d3a34        0x4 C:/ST/STM32CubeIDE_1.14.1/STM32CubeIDE/plugins/com.st.stm32cube.ide.mcu.externaltools.gnu-tools-for-stm32.11.3.rel1.win32_1.1.100.202309141235/tools/bin/../lib/gcc/arm-none-eabi/11.3.1/thumb/v7e-m+fp/hard/crtbegin.o
                0x00000000080d3a38                PROVIDE (__init_array_end = .)
                0x00000000080d3a38                . = ALIGN (0x4)

.fini_array     0x00000000080d3a38        0x4
                0x00000000080d3a38                . = ALIGN (0x4)
                [!provide]                        PROVIDE (__fini_array_start = .)
 *(SORT_BY_NAME(.fini_array.*))
 *(.fini_array*)
 .fini_array    0x00000000080d3a38        0x4 C:/ST/STM32CubeIDE_1.14.1/STM32CubeIDE/plugins/com.st.stm32cube.ide.mcu.externaltools.gnu-tools-for-stm32.11.3.rel1.win32_1.1.100.202309141235/tools/bin/../lib/gcc/arm-none-eabi/11.3.1/thumb/v7e-m+fp/hard/crtbegin.o
                [!provide]                        PROVIDE (__fini_array_end = .)
                0x00000000080d3a3c                . = ALIGN (0x4)
                0x00000000080d3a3c                _sidata = LOADADDR (.data)

.data           0x0000000020000000      0xe18 load address 0x00000000080d3a3c
                0x0000000020000000                . = ALIGN (0x4)
                0x0000000020000000                _sdata = .
 *(.data)
 *(.data*)
 .data.txdata_1
                0x0000000020000000        0x1 ./Core/Src/main.o
                0x0000000020000000                txdata_1
 *fill*         0x0000000020000001        0x3 
 .data.activities
                0x0000000020000004       0xac ./Core/Src/main.o
                0x0000000020000004                activities
 .data.SystemCoreClock
                0x00000000200000b0        0x4 ./Core/Src/system_stm32l4xx.o
                0x00000000200000b0                SystemCoreClock
 .data.uwTickPrio
                0x00000000200000b4        0x4 ./Drivers/STM32L4xx_HAL_Driver/Src/stm32l4xx_hal.o
                0x00000000200000b4                uwTickPrio
 .data.uwTickFreq
                0x00000000200000b8        0x1 ./Drivers/STM32L4xx_HAL_Driver/Src/stm32l4xx_hal.o
                0x00000000200000b8                uwTickFreq
 *fill*         0x00000000200000b9        0x3 
 .data.nl_6_nl_output_array
                0x00000000200000bc       0x10 ./X-CUBE-AI/App/network.o
 .data.gemm_7_output_array
                0x00000000200000cc       0x10 ./X-CUBE-AI/App/network.o
 .data.nl_8_output_array
                0x00000000200000dc       0x10 ./X-CUBE-AI/App/network.o
 .data.conv2d_0_weights_array
                0x00000000200000ec       0x10 ./X-CUBE-AI/App/network.o
 .data.conv2d_0_bias_array
                0x00000000200000fc       0x10 ./X-CUBE-AI/App/network.o
 .data.conv2d_2_weights_array
                0x000000002000010c       0x10 ./X-CUBE-AI/App/network.o
 .data.conv2d_2_bias_array
                0x000000002000011c       0x10 ./X-CUBE-AI/App/network.o
 .data.gemm_5_weights_array
                0x000000002000012c       0x10 ./X-CUBE-AI/App/network.o
 .data.gemm_5_bias_array
                0x000000002000013c       0x10 ./X-CUBE-AI/App/network.o
 .data.gemm_6_weights_array
                0x000000002000014c       0x10 ./X-CUBE-AI/App/network.o
 .data.gemm_6_bias_array
                0x000000002000015c       0x10 ./X-CUBE-AI/App/network.o
 .data.gemm_7_weights_array
                0x000000002000016c       0x10 ./X-CUBE-AI/App/network.o
 .data.gemm_7_bias_array
                0x000000002000017c       0x10 ./X-CUBE-AI/App/network.o
 .data.serving_default_conv2d_31_input0_output_array
                0x000000002000018c       0x10 ./X-CUBE-AI/App/network.o
 .data.conv2d_0_output_array
                0x000000002000019c       0x10 ./X-CUBE-AI/App/network.o
 .data.nl_0_nl_output_array
                0x00000000200001ac       0x10 ./X-CUBE-AI/App/network.o
 .data.pool_1_output_array
                0x00000000200001bc       0x10 ./X-CUBE-AI/App/network.o
 .data.conv2d_2_output_array
                0x00000000200001cc       0x10 ./X-CUBE-AI/App/network.o
 .data.nl_2_nl_output_array
                0x00000000200001dc       0x10 ./X-CUBE-AI/App/network.o
 .data.pool_3_output_array
                0x00000000200001ec       0x10 ./X-CUBE-AI/App/network.o
 .data.gemm_5_output_array
                0x00000000200001fc       0x10 ./X-CUBE-AI/App/network.o
 .data.nl_5_nl_output_array
                0x000000002000020c       0x10 ./X-CUBE-AI/App/network.o
 .data.gemm_6_output_array
                0x000000002000021c       0x10 ./X-CUBE-AI/App/network.o
 .data.__compound_literal.0
                0x000000002000022c       0x10 ./X-CUBE-AI/App/network.o
 .data.__compound_literal.1
                0x000000002000023c       0x10 ./X-CUBE-AI/App/network.o
 .data.nl_6_nl_output
                0x000000002000024c       0x1c ./X-CUBE-AI/App/network.o
 .data.__compound_literal.2
                0x0000000020000268       0x10 ./X-CUBE-AI/App/network.o
 .data.__compound_literal.3
                0x0000000020000278       0x10 ./X-CUBE-AI/App/network.o
 .data.gemm_7_output
                0x0000000020000288       0x1c ./X-CUBE-AI/App/network.o
 .data.__compound_literal.4
                0x00000000200002a4       0x10 ./X-CUBE-AI/App/network.o
 .data.__compound_literal.5
                0x00000000200002b4       0x10 ./X-CUBE-AI/App/network.o
 .data.nl_8_output
                0x00000000200002c4       0x1c ./X-CUBE-AI/App/network.o
 .data.__compound_literal.6
                0x00000000200002e0       0x10 ./X-CUBE-AI/App/network.o
 .data.__compound_literal.7
                0x00000000200002f0       0x10 ./X-CUBE-AI/App/network.o
 .data.conv2d_0_weights
                0x0000000020000300       0x1c ./X-CUBE-AI/App/network.o
 .data.__compound_literal.8
                0x000000002000031c       0x10 ./X-CUBE-AI/App/network.o
 .data.__compound_literal.9
                0x000000002000032c       0x10 ./X-CUBE-AI/App/network.o
 .data.conv2d_0_bias
                0x000000002000033c       0x1c ./X-CUBE-AI/App/network.o
 .data.__compound_literal.10
                0x0000000020000358       0x10 ./X-CUBE-AI/App/network.o
 .data.__compound_literal.11
                0x0000000020000368       0x10 ./X-CUBE-AI/App/network.o
 .data.conv2d_2_weights
                0x0000000020000378       0x1c ./X-CUBE-AI/App/network.o
 .data.__compound_literal.12
                0x0000000020000394       0x10 ./X-CUBE-AI/App/network.o
 .data.__compound_literal.13
                0x00000000200003a4       0x10 ./X-CUBE-AI/App/network.o
 .data.conv2d_2_bias
                0x00000000200003b4       0x1c ./X-CUBE-AI/App/network.o
 .data.__compound_literal.14
                0x00000000200003d0       0x10 ./X-CUBE-AI/App/network.o
 .data.__compound_literal.15
                0x00000000200003e0       0x10 ./X-CUBE-AI/App/network.o
 .data.gemm_5_weights
                0x00000000200003f0       0x1c ./X-CUBE-AI/App/network.o
 .data.__compound_literal.16
                0x000000002000040c       0x10 ./X-CUBE-AI/App/network.o
 .data.__compound_literal.17
                0x000000002000041c       0x10 ./X-CUBE-AI/App/network.o
 .data.gemm_5_bias
                0x000000002000042c       0x1c ./X-CUBE-AI/App/network.o
 .data.__compound_literal.18
                0x0000000020000448       0x10 ./X-CUBE-AI/App/network.o
 .data.__compound_literal.19
                0x0000000020000458       0x10 ./X-CUBE-AI/App/network.o
 .data.gemm_6_weights
                0x0000000020000468       0x1c ./X-CUBE-AI/App/network.o
 .data.__compound_literal.20
                0x0000000020000484       0x10 ./X-CUBE-AI/App/network.o
 .data.__compound_literal.21
                0x0000000020000494       0x10 ./X-CUBE-AI/App/network.o
 .data.gemm_6_bias
                0x00000000200004a4       0x1c ./X-CUBE-AI/App/network.o
 .data.__compound_literal.22
                0x00000000200004c0       0x10 ./X-CUBE-AI/App/network.o
 .data.__compound_literal.23
                0x00000000200004d0       0x10 ./X-CUBE-AI/App/network.o
 .data.gemm_7_weights
                0x00000000200004e0       0x1c ./X-CUBE-AI/App/network.o
 .data.__compound_literal.24
                0x00000000200004fc       0x10 ./X-CUBE-AI/App/network.o
 .data.__compound_literal.25
                0x000000002000050c       0x10 ./X-CUBE-AI/App/network.o
 .data.gemm_7_bias
                0x000000002000051c       0x1c ./X-CUBE-AI/App/network.o
 .data.__compound_literal.26
                0x0000000020000538       0x10 ./X-CUBE-AI/App/network.o
 .data.__compound_literal.27
                0x0000000020000548       0x10 ./X-CUBE-AI/App/network.o
 .data.serving_default_conv2d_31_input0_output
                0x0000000020000558       0x1c ./X-CUBE-AI/App/network.o
 .data.__compound_literal.28
                0x0000000020000574       0x10 ./X-CUBE-AI/App/network.o
 .data.__compound_literal.29
                0x0000000020000584       0x10 ./X-CUBE-AI/App/network.o
 .data.conv2d_0_output
                0x0000000020000594       0x1c ./X-CUBE-AI/App/network.o
 .data.__compound_literal.30
                0x00000000200005b0       0x10 ./X-CUBE-AI/App/network.o
 .data.__compound_literal.31
                0x00000000200005c0       0x10 ./X-CUBE-AI/App/network.o
 .data.nl_0_nl_output
                0x00000000200005d0       0x1c ./X-CUBE-AI/App/network.o
 .data.__compound_literal.32
                0x00000000200005ec       0x10 ./X-CUBE-AI/App/network.o
 .data.__compound_literal.33
                0x00000000200005fc       0x10 ./X-CUBE-AI/App/network.o
 .data.pool_1_output
                0x000000002000060c       0x1c ./X-CUBE-AI/App/network.o
 .data.__compound_literal.34
                0x0000000020000628       0x10 ./X-CUBE-AI/App/network.o
 .data.__compound_literal.35
                0x0000000020000638       0x10 ./X-CUBE-AI/App/network.o
 .data.conv2d_2_output
                0x0000000020000648       0x1c ./X-CUBE-AI/App/network.o
 .data.__compound_literal.36
                0x0000000020000664       0x10 ./X-CUBE-AI/App/network.o
 .data.__compound_literal.37
                0x0000000020000674       0x10 ./X-CUBE-AI/App/network.o
 .data.nl_2_nl_output
                0x0000000020000684       0x1c ./X-CUBE-AI/App/network.o
 .data.__compound_literal.38
                0x00000000200006a0       0x10 ./X-CUBE-AI/App/network.o
 .data.__compound_literal.39
                0x00000000200006b0       0x10 ./X-CUBE-AI/App/network.o
 .data.pool_3_output
                0x00000000200006c0       0x1c ./X-CUBE-AI/App/network.o
 .data.__compound_literal.40
                0x00000000200006dc       0x10 ./X-CUBE-AI/App/network.o
 .data.__compound_literal.41
                0x00000000200006ec       0x10 ./X-CUBE-AI/App/network.o
 .data.pool_3_output0
                0x00000000200006fc       0x1c ./X-CUBE-AI/App/network.o
 .data.__compound_literal.42
                0x0000000020000718       0x10 ./X-CUBE-AI/App/network.o
 .data.__compound_literal.43
                0x0000000020000728       0x10 ./X-CUBE-AI/App/network.o
 .data.gemm_5_output
                0x0000000020000738       0x1c ./X-CUBE-AI/App/network.o
 .data.__compound_literal.44
                0x0000000020000754       0x10 ./X-CUBE-AI/App/network.o
 .data.__compound_literal.45
                0x0000000020000764       0x10 ./X-CUBE-AI/App/network.o
 .data.nl_5_nl_output
                0x0000000020000774       0x1c ./X-CUBE-AI/App/network.o
 .data.__compound_literal.46
                0x0000000020000790       0x10 ./X-CUBE-AI/App/network.o
 .data.__compound_literal.47
                0x00000000200007a0       0x10 ./X-CUBE-AI/App/network.o
 .data.gemm_6_output
                0x00000000200007b0       0x1c ./X-CUBE-AI/App/network.o
 .data.__compound_literal.48
                0x00000000200007cc        0x4 ./X-CUBE-AI/App/network.o
 .data.__compound_literal.49
                0x00000000200007d0        0x4 ./X-CUBE-AI/App/network.o
 .data.__compound_literal.52
                0x00000000200007d4       0x30 ./X-CUBE-AI/App/network.o
 .data.nl_8_layer
                0x0000000020000804       0x20 ./X-CUBE-AI/App/network.o
 .data.__compound_literal.53
                0x0000000020000824        0x4 ./X-CUBE-AI/App/network.o
 .data.__compound_literal.54
                0x0000000020000828        0x4 ./X-CUBE-AI/App/network.o
 .data.__compound_literal.55
                0x000000002000082c        0x8 ./X-CUBE-AI/App/network.o
 .data.__compound_literal.57
                0x0000000020000834       0x30 ./X-CUBE-AI/App/network.o
 .data.gemm_7_layer
                0x0000000020000864       0x1c ./X-CUBE-AI/App/network.o
 .data.__compound_literal.58
                0x0000000020000880        0x4 ./X-CUBE-AI/App/network.o
 .data.__compound_literal.59
                0x0000000020000884        0x4 ./X-CUBE-AI/App/network.o
 .data.__compound_literal.62
                0x0000000020000888       0x30 ./X-CUBE-AI/App/network.o
 .data.nl_6_nl_layer
                0x00000000200008b8       0x20 ./X-CUBE-AI/App/network.o
 .data.__compound_literal.63
                0x00000000200008d8        0x4 ./X-CUBE-AI/App/network.o
 .data.__compound_literal.64
                0x00000000200008dc        0x4 ./X-CUBE-AI/App/network.o
 .data.__compound_literal.65
                0x00000000200008e0        0x8 ./X-CUBE-AI/App/network.o
 .data.__compound_literal.67
                0x00000000200008e8       0x30 ./X-CUBE-AI/App/network.o
 .data.gemm_6_layer
                0x0000000020000918       0x1c ./X-CUBE-AI/App/network.o
 .data.__compound_literal.68
                0x0000000020000934        0x4 ./X-CUBE-AI/App/network.o
 .data.__compound_literal.69
                0x0000000020000938        0x4 ./X-CUBE-AI/App/network.o
 .data.__compound_literal.72
                0x000000002000093c       0x30 ./X-CUBE-AI/App/network.o
 .data.nl_5_nl_layer
                0x000000002000096c       0x20 ./X-CUBE-AI/App/network.o
 .data.__compound_literal.73
                0x000000002000098c        0x4 ./X-CUBE-AI/App/network.o
 .data.__compound_literal.74
                0x0000000020000990        0x4 ./X-CUBE-AI/App/network.o
 .data.__compound_literal.75
                0x0000000020000994        0x8 ./X-CUBE-AI/App/network.o
 .data.__compound_literal.77
                0x000000002000099c       0x30 ./X-CUBE-AI/App/network.o
 .data.gemm_5_layer
                0x00000000200009cc       0x1c ./X-CUBE-AI/App/network.o
 .data.__compound_literal.78
                0x00000000200009e8        0x4 ./X-CUBE-AI/App/network.o
 .data.__compound_literal.79
                0x00000000200009ec        0x4 ./X-CUBE-AI/App/network.o
 .data.__compound_literal.82
                0x00000000200009f0       0x30 ./X-CUBE-AI/App/network.o
 .data.pool_3_layer
                0x0000000020000a20       0x38 ./X-CUBE-AI/App/network.o
 .data.__compound_literal.84
                0x0000000020000a58        0x4 ./X-CUBE-AI/App/network.o
 .data.__compound_literal.85
                0x0000000020000a5c        0x4 ./X-CUBE-AI/App/network.o
 .data.__compound_literal.88
                0x0000000020000a60       0x30 ./X-CUBE-AI/App/network.o
 .data.nl_2_nl_layer
                0x0000000020000a90       0x20 ./X-CUBE-AI/App/network.o
 .data.__compound_literal.89
                0x0000000020000ab0        0x4 ./X-CUBE-AI/App/network.o
 .data.__compound_literal.90
                0x0000000020000ab4        0x4 ./X-CUBE-AI/App/network.o
 .data.__compound_literal.91
                0x0000000020000ab8        0xc ./X-CUBE-AI/App/network.o
 .data.__compound_literal.93
                0x0000000020000ac4       0x30 ./X-CUBE-AI/App/network.o
 .data.conv2d_2_layer
                0x0000000020000af4       0x44 ./X-CUBE-AI/App/network.o
 .data.__compound_literal.95
                0x0000000020000b38        0x4 ./X-CUBE-AI/App/network.o
 .data.__compound_literal.96
                0x0000000020000b3c        0x4 ./X-CUBE-AI/App/network.o
 .data.__compound_literal.99
                0x0000000020000b40       0x30 ./X-CUBE-AI/App/network.o
 .data.pool_1_layer
                0x0000000020000b70       0x38 ./X-CUBE-AI/App/network.o
 .data.__compound_literal.101
                0x0000000020000ba8        0x4 ./X-CUBE-AI/App/network.o
 .data.__compound_literal.102
                0x0000000020000bac        0x4 ./X-CUBE-AI/App/network.o
 .data.__compound_literal.105
                0x0000000020000bb0       0x30 ./X-CUBE-AI/App/network.o
 .data.nl_0_nl_layer
                0x0000000020000be0       0x20 ./X-CUBE-AI/App/network.o
 .data.__compound_literal.106
                0x0000000020000c00        0x4 ./X-CUBE-AI/App/network.o
 .data.__compound_literal.107
                0x0000000020000c04        0x4 ./X-CUBE-AI/App/network.o
 .data.__compound_literal.108
                0x0000000020000c08        0xc ./X-CUBE-AI/App/network.o
 .data.__compound_literal.110
                0x0000000020000c14       0x30 ./X-CUBE-AI/App/network.o
 .data.conv2d_0_layer
                0x0000000020000c44       0x44 ./X-CUBE-AI/App/network.o
 .data.__compound_literal.112
                0x0000000020000c88       0x10 ./X-CUBE-AI/App/network.o
 .data.__compound_literal.113
                0x0000000020000c98       0x1c ./X-CUBE-AI/App/network.o
 .data.__compound_literal.114
                0x0000000020000cb4       0x10 ./X-CUBE-AI/App/network.o
 .data.__compound_literal.115
                0x0000000020000cc4       0x1c ./X-CUBE-AI/App/network.o
 .data.__compound_literal.116
                0x0000000020000ce0        0x4 ./X-CUBE-AI/App/network.o
 .data.__compound_literal.120
                0x0000000020000ce4        0xc ./X-CUBE-AI/App/network.o
 .data.__compound_literal.121
                0x0000000020000cf0        0x4 ./X-CUBE-AI/App/network.o
 .data.__compound_literal.125
                0x0000000020000cf4        0xc ./X-CUBE-AI/App/network.o
 .data.__compound_literal.126
                0x0000000020000d00       0x18 ./X-CUBE-AI/App/network.o
 .data.g_network
                0x0000000020000d18       0x4c ./X-CUBE-AI/App/network.o
 .data.__compound_literal.0
                0x0000000020000d64       0x10 ./X-CUBE-AI/App/network_data.o
 .data.g_network_data_map_activations
                0x0000000020000d74       0x1c ./X-CUBE-AI/App/network_data.o
                0x0000000020000d74                g_network_data_map_activations
 .data.__compound_literal.1
                0x0000000020000d90       0x10 ./X-CUBE-AI/App/network_data.o
 .data.g_network_data_map_weights
                0x0000000020000da0       0x1c ./X-CUBE-AI/App/network_data.o
                0x0000000020000da0                g_network_data_map_weights
 .data.__sglue  0x0000000020000dbc        0xc C:/ST/STM32CubeIDE_1.14.1/STM32CubeIDE/plugins/com.st.stm32cube.ide.mcu.externaltools.gnu-tools-for-stm32.11.3.rel1.win32_1.1.100.202309141235/tools/bin/../lib/gcc/arm-none-eabi/11.3.1/../../../../arm-none-eabi/lib/thumb/v7e-m+fp/hard\libc_nano.a(libc_a-findfp.o)
                0x0000000020000dbc                __sglue
 .data._impure_data
                0x0000000020000dc8       0x4c C:/ST/STM32CubeIDE_1.14.1/STM32CubeIDE/plugins/com.st.stm32cube.ide.mcu.externaltools.gnu-tools-for-stm32.11.3.rel1.win32_1.1.100.202309141235/tools/bin/../lib/gcc/arm-none-eabi/11.3.1/../../../../arm-none-eabi/lib/thumb/v7e-m+fp/hard\libc_nano.a(libc_a-impure.o)
                0x0000000020000dc8                _impure_data
 .data._impure_ptr
                0x0000000020000e14        0x4 C:/ST/STM32CubeIDE_1.14.1/STM32CubeIDE/plugins/com.st.stm32cube.ide.mcu.externaltools.gnu-tools-for-stm32.11.3.rel1.win32_1.1.100.202309141235/tools/bin/../lib/gcc/arm-none-eabi/11.3.1/../../../../arm-none-eabi/lib/thumb/v7e-m+fp/hard\libc_nano.a(libc_a-impure.o)
                0x0000000020000e14                _impure_ptr
 *(.RamFunc)
 *(.RamFunc*)
                0x0000000020000e18                . = ALIGN (0x4)
                0x0000000020000e18                _edata = .

.igot.plt       0x0000000020000e18        0x0 load address 0x00000000080d4854
 .igot.plt      0x0000000020000e18        0x0 C:/ST/STM32CubeIDE_1.14.1/STM32CubeIDE/plugins/com.st.stm32cube.ide.mcu.externaltools.gnu-tools-for-stm32.11.3.rel1.win32_1.1.100.202309141235/tools/bin/../lib/gcc/arm-none-eabi/11.3.1/thumb/v7e-m+fp/hard/crtbegin.o
                0x0000000020000e18                . = ALIGN (0x4)

.bss            0x0000000020000e18    0x13f28 load address 0x00000000080d4854
                0x0000000020000e18                _sbss = .
                0x0000000020000e18                __bss_start__ = _sbss
 *(.bss)
 .bss           0x0000000020000e18       0x1c C:/ST/STM32CubeIDE_1.14.1/STM32CubeIDE/plugins/com.st.stm32cube.ide.mcu.externaltools.gnu-tools-for-stm32.11.3.rel1.win32_1.1.100.202309141235/tools/bin/../lib/gcc/arm-none-eabi/11.3.1/thumb/v7e-m+fp/hard/crtbegin.o
 *(.bss*)
 .bss.hcrc      0x0000000020000e34       0x24 ./Core/Src/main.o
                0x0000000020000e34                hcrc
 .bss.huart1    0x0000000020000e58       0x84 ./Core/Src/main.o
                0x0000000020000e58                huart1
 .bss.hdma_usart1_rx
                0x0000000020000edc       0x48 ./Core/Src/main.o
                0x0000000020000edc                hdma_usart1_rx
 .bss.rxdata    0x0000000020000f24      0xbd1 ./Core/Src/main.o
                0x0000000020000f24                rxdata
 *fill*         0x0000000020001af5        0x3 
 .bss.network   0x0000000020001af8        0x4 ./Core/Src/main.o
                0x0000000020001af8                network
 .bss.aiInData  0x0000000020001afc     0x2f44 ./Core/Src/main.o
                0x0000000020001afc                aiInData
 .bss.aiOutData
                0x0000000020004a40       0xac ./Core/Src/main.o
                0x0000000020004a40                aiOutData
 .bss.activations
                0x0000000020004aec     0xfffc ./Core/Src/main.o
                0x0000000020004aec                activations
 .bss.ai_input  0x0000000020014ae8        0x4 ./Core/Src/main.o
                0x0000000020014ae8                ai_input
 .bss.ai_output
                0x0000000020014aec        0x4 ./Core/Src/main.o
                0x0000000020014aec                ai_output
 .bss.__sbrk_heap_end
                0x0000000020014af0        0x4 ./Core/Src/sysmem.o
 .bss.uwTick    0x0000000020014af4        0x4 ./Drivers/STM32L4xx_HAL_Driver/Src/stm32l4xx_hal.o
                0x0000000020014af4                uwTick
 .bss.g_network_activations_map
                0x0000000020014af8        0x4 ./X-CUBE-AI/App/network.o
 .bss.g_network_weights_map
                0x0000000020014afc        0x4 ./X-CUBE-AI/App/network.o
 .bss.__compound_literal.50
                0x0000000020014b00        0x4 ./X-CUBE-AI/App/network.o
 .bss.__compound_literal.51
                0x0000000020014b04        0x4 ./X-CUBE-AI/App/network.o
 .bss.__compound_literal.56
                0x0000000020014b08        0x4 ./X-CUBE-AI/App/network.o
 .bss.__compound_literal.60
                0x0000000020014b0c        0x4 ./X-CUBE-AI/App/network.o
 .bss.__compound_literal.61
                0x0000000020014b10        0x4 ./X-CUBE-AI/App/network.o
 .bss.__compound_literal.66
                0x0000000020014b14        0x4 ./X-CUBE-AI/App/network.o
 .bss.__compound_literal.70
                0x0000000020014b18        0x4 ./X-CUBE-AI/App/network.o
 .bss.__compound_literal.71
                0x0000000020014b1c        0x4 ./X-CUBE-AI/App/network.o
 .bss.__compound_literal.76
                0x0000000020014b20        0x4 ./X-CUBE-AI/App/network.o
 .bss.__compound_literal.80
                0x0000000020014b24        0x4 ./X-CUBE-AI/App/network.o
 .bss.__compound_literal.81
                0x0000000020014b28        0x4 ./X-CUBE-AI/App/network.o
 .bss.__compound_literal.83
                0x0000000020014b2c       0x10 ./X-CUBE-AI/App/network.o
 .bss.__compound_literal.86
                0x0000000020014b3c        0x4 ./X-CUBE-AI/App/network.o
 .bss.__compound_literal.87
                0x0000000020014b40        0x4 ./X-CUBE-AI/App/network.o
 .bss.__compound_literal.92
                0x0000000020014b44        0x4 ./X-CUBE-AI/App/network.o
 .bss.__compound_literal.94
                0x0000000020014b48       0x10 ./X-CUBE-AI/App/network.o
 .bss.__compound_literal.97
                0x0000000020014b58        0x4 ./X-CUBE-AI/App/network.o
 .bss.__compound_literal.98
                0x0000000020014b5c        0x4 ./X-CUBE-AI/App/network.o
 .bss.__compound_literal.100
                0x0000000020014b60       0x10 ./X-CUBE-AI/App/network.o
 .bss.__compound_literal.103
                0x0000000020014b70        0x4 ./X-CUBE-AI/App/network.o
 .bss.__compound_literal.104
                0x0000000020014b74        0x4 ./X-CUBE-AI/App/network.o
 .bss.__compound_literal.109
                0x0000000020014b78        0x4 ./X-CUBE-AI/App/network.o
 .bss.__compound_literal.111
                0x0000000020014b7c       0x10 ./X-CUBE-AI/App/network.o
 .bss.__compound_literal.117
                0x0000000020014b8c       0x1c ./X-CUBE-AI/App/network.o
 .bss.__compound_literal.118
                0x0000000020014ba8       0x10 ./X-CUBE-AI/App/network.o
 .bss.__compound_literal.119
                0x0000000020014bb8        0x8 ./X-CUBE-AI/App/network.o
 .bss.__compound_literal.122
                0x0000000020014bc0       0x1c ./X-CUBE-AI/App/network.o
 .bss.__compound_literal.123
                0x0000000020014bdc       0x10 ./X-CUBE-AI/App/network.o
 .bss.__compound_literal.124
                0x0000000020014bec        0x8 ./X-CUBE-AI/App/network.o
 .bss.__malloc_free_list
                0x0000000020014bf4        0x4 C:/ST/STM32CubeIDE_1.14.1/STM32CubeIDE/plugins/com.st.stm32cube.ide.mcu.externaltools.gnu-tools-for-stm32.11.3.rel1.win32_1.1.100.202309141235/tools/bin/../lib/gcc/arm-none-eabi/11.3.1/../../../../arm-none-eabi/lib/thumb/v7e-m+fp/hard\libc_nano.a(libc_a-mallocr.o)
                0x0000000020014bf4                __malloc_free_list
 .bss.__malloc_sbrk_start
                0x0000000020014bf8        0x4 C:/ST/STM32CubeIDE_1.14.1/STM32CubeIDE/plugins/com.st.stm32cube.ide.mcu.externaltools.gnu-tools-for-stm32.11.3.rel1.win32_1.1.100.202309141235/tools/bin/../lib/gcc/arm-none-eabi/11.3.1/../../../../arm-none-eabi/lib/thumb/v7e-m+fp/hard\libc_nano.a(libc_a-mallocr.o)
                0x0000000020014bf8                __malloc_sbrk_start
 .bss.__sf      0x0000000020014bfc      0x138 C:/ST/STM32CubeIDE_1.14.1/STM32CubeIDE/plugins/com.st.stm32cube.ide.mcu.externaltools.gnu-tools-for-stm32.11.3.rel1.win32_1.1.100.202309141235/tools/bin/../lib/gcc/arm-none-eabi/11.3.1/../../../../arm-none-eabi/lib/thumb/v7e-m+fp/hard\libc_nano.a(libc_a-findfp.o)
                0x0000000020014bfc                __sf
 .bss.__stdio_exit_handler
                0x0000000020014d34        0x4 C:/ST/STM32CubeIDE_1.14.1/STM32CubeIDE/plugins/com.st.stm32cube.ide.mcu.externaltools.gnu-tools-for-stm32.11.3.rel1.win32_1.1.100.202309141235/tools/bin/../lib/gcc/arm-none-eabi/11.3.1/../../../../arm-none-eabi/lib/thumb/v7e-m+fp/hard\libc_nano.a(libc_a-findfp.o)
                0x0000000020014d34                __stdio_exit_handler
 .bss.errno     0x0000000020014d38        0x4 C:/ST/STM32CubeIDE_1.14.1/STM32CubeIDE/plugins/com.st.stm32cube.ide.mcu.externaltools.gnu-tools-for-stm32.11.3.rel1.win32_1.1.100.202309141235/tools/bin/../lib/gcc/arm-none-eabi/11.3.1/../../../../arm-none-eabi/lib/thumb/v7e-m+fp/hard\libc_nano.a(libc_a-reent.o)
                0x0000000020014d38                errno
 .bss.__lock___malloc_recursive_mutex
                0x0000000020014d3c        0x1 C:/ST/STM32CubeIDE_1.14.1/STM32CubeIDE/plugins/com.st.stm32cube.ide.mcu.externaltools.gnu-tools-for-stm32.11.3.rel1.win32_1.1.100.202309141235/tools/bin/../lib/gcc/arm-none-eabi/11.3.1/../../../../arm-none-eabi/lib/thumb/v7e-m+fp/hard\libc_nano.a(libc_a-lock.o)
                0x0000000020014d3c                __lock___malloc_recursive_mutex
 .bss.__lock___sfp_recursive_mutex