../Core/Src/main.c:100:5:main	8	static
../Core/Src/main.c:149:6:SystemClock_Config	96	static
../Core/Src/main.c:210:13:MX_CRC_Init	8	static
../Core/Src/main.c:241:13:MX_USART1_UART_Init	8	static
../Core/Src/main.c:274:13:MX_DMA_Init	16	static
../Core/Src/main.c:292:13:MX_GPIO_Init	24	static
../Core/Src/main.c:308:6:HAL_UART_RxHalfCpltCallback	24	static
../Core/Src/main.c:317:5:_write	24	static
../Core/Src/main.c:323:13:AI_Init	16	static
../Core/Src/main.c:339:13:AI_Run	24	static
../Core/Src/main.c:356:17:argmax	32	static
../Core/Src/main.c:369:13:copyToFloat	24	static
../Core/Src/main.c:381:6:Error_Handler	4	static,ignoring_inline_asm
